Java HotSpot(TM) 64-Bit Server VM (25.121-b13) for linux-amd64 JRE (1.8.0_121-b13), built on Dec 12 2016 16:36:53 by "java_re" with gcc 4.3.0 20080428 (Red Hat 4.3.0-8)
Memory: 4k page, physical 3220204k(65276k free), swap 0k(0k free)
CommandLine flags: -XX:CMSInitiatingOccupancyFraction=50 -XX:CMSMaxAbortablePrecleanTime=6000 -XX:+CMSParallelRemarkEnabled -XX:+CMSScavengeBeforeRemark -XX:ConcGCThreads=4 -XX:GCLogFileSize=20971520 -XX:InitialHeapSize=536870912 -XX:MaxHeapSize=536870912 -XX:MaxTenuringThreshold=8 -XX:NewRatio=3 -XX:NumberOfGCLogFiles=9 -XX:OldPLABSize=16 -XX:-OmitStackTraceInFastThrow -XX:OnOutOfMemoryError=/var/www/sepray.com/solr-6.4.2/bin/oom_solr.sh 8983 /var/www/sepray.com/solr-6.4.2/example/cloud/node1/solr/../logs -XX:ParallelGCThreads=4 -XX:+ParallelRefProcEnabled -XX:PretenureSizeThreshold=67108864 -XX:+PrintGC -XX:+PrintGCApplicationStoppedTime -XX:+PrintGCDateStamps -XX:+PrintGCDetails -XX:+PrintGCTimeStamps -XX:+PrintHeapAtGC -XX:+PrintTenuringDistribution -XX:SurvivorRatio=4 -XX:TargetSurvivorRatio=90 -XX:ThreadStackSize=256 -XX:+UseCMSInitiatingOccupancyOnly -XX:+UseCompressedClassPointers -XX:+UseCompressedOops -XX:+UseConcMarkSweepGC -XX:+UseGCLogFileRotation -XX:+UseParNewGC 
2017-03-17T11:26:32.770+0500: 0.227: Total time for which application threads were stopped: 0.0001881 seconds, Stopping threads took: 0.0000850 seconds
2017-03-17T11:26:32.919+0500: 0.376: Total time for which application threads were stopped: 0.0001903 seconds, Stopping threads took: 0.0000490 seconds
2017-03-17T11:26:33.230+0500: 0.687: Total time for which application threads were stopped: 0.0002538 seconds, Stopping threads took: 0.0000500 seconds
2017-03-17T11:26:33.507+0500: 0.964: Total time for which application threads were stopped: 0.0002395 seconds, Stopping threads took: 0.0000323 seconds
2017-03-17T11:26:33.756+0500: 1.213: Total time for which application threads were stopped: 0.0002652 seconds, Stopping threads took: 0.0000283 seconds
2017-03-17T11:26:33.781+0500: 1.238: Total time for which application threads were stopped: 0.0003009 seconds, Stopping threads took: 0.0000811 seconds
2017-03-17T11:26:34.191+0500: 1.648: Total time for which application threads were stopped: 0.0004233 seconds, Stopping threads took: 0.0000801 seconds
2017-03-17T11:26:34.243+0500: 1.700: Total time for which application threads were stopped: 0.0003798 seconds, Stopping threads took: 0.0000500 seconds
2017-03-17T11:26:34.621+0500: 2.078: Total time for which application threads were stopped: 0.0003973 seconds, Stopping threads took: 0.0000791 seconds
2017-03-17T11:26:34.623+0500: 2.080: Total time for which application threads were stopped: 0.0003112 seconds, Stopping threads took: 0.0000421 seconds
2017-03-17T11:26:34.629+0500: 2.086: Total time for which application threads were stopped: 0.0003086 seconds, Stopping threads took: 0.0000424 seconds
2017-03-17T11:26:34.646+0500: 2.103: Total time for which application threads were stopped: 0.0003469 seconds, Stopping threads took: 0.0000310 seconds
2017-03-17T11:26:34.805+0500: 2.262: Total time for which application threads were stopped: 0.0003865 seconds, Stopping threads took: 0.0000821 seconds
{Heap before GC invocations=0 (full 0):
 par new generation   total 109248K, used 87424K [0x00000000e0000000, 0x00000000e8000000, 0x00000000e8000000)
  eden space 87424K, 100% used [0x00000000e0000000, 0x00000000e5560000, 0x00000000e5560000)
  from space 21824K,   0% used [0x00000000e5560000, 0x00000000e5560000, 0x00000000e6ab0000)
  to   space 21824K,   0% used [0x00000000e6ab0000, 0x00000000e6ab0000, 0x00000000e8000000)
 concurrent mark-sweep generation total 393216K, used 0K [0x00000000e8000000, 0x0000000100000000, 0x0000000100000000)
 Metaspace       used 20368K, capacity 20778K, committed 20992K, reserved 1067008K
  class space    used 2392K, capacity 2553K, committed 2560K, reserved 1048576K
2017-03-17T11:26:35.720+0500: 3.177: [GC (Allocation Failure) 2017-03-17T11:26:35.720+0500: 3.177: [ParNew
Desired survivor size 20112992 bytes, new threshold 8 (max 8)
- age   1:   11600336 bytes,   11600336 total
: 87424K->11436K(109248K), 0.0550187 secs] 87424K->11436K(502464K), 0.0551538 secs] [Times: user=0.06 sys=0.02, real=0.06 secs] 
Heap after GC invocations=1 (full 0):
 par new generation   total 109248K, used 11436K [0x00000000e0000000, 0x00000000e8000000, 0x00000000e8000000)
  eden space 87424K,   0% used [0x00000000e0000000, 0x00000000e0000000, 0x00000000e5560000)
  from space 21824K,  52% used [0x00000000e6ab0000, 0x00000000e75db098, 0x00000000e8000000)
  to   space 21824K,   0% used [0x00000000e5560000, 0x00000000e5560000, 0x00000000e6ab0000)
 concurrent mark-sweep generation total 393216K, used 0K [0x00000000e8000000, 0x0000000100000000, 0x0000000100000000)
 Metaspace       used 20368K, capacity 20778K, committed 20992K, reserved 1067008K
  class space    used 2392K, capacity 2553K, committed 2560K, reserved 1048576K
}
2017-03-17T11:26:35.775+0500: 3.232: Total time for which application threads were stopped: 0.0554617 seconds, Stopping threads took: 0.0000277 seconds
2017-03-17T11:26:35.896+0500: 3.353: Total time for which application threads were stopped: 0.0002642 seconds, Stopping threads took: 0.0000748 seconds
2017-03-17T11:26:36.088+0500: 3.545: Total time for which application threads were stopped: 0.0002678 seconds, Stopping threads took: 0.0000843 seconds
2017-03-17T11:26:36.155+0500: 3.613: Total time for which application threads were stopped: 0.0001902 seconds, Stopping threads took: 0.0000817 seconds
2017-03-17T11:26:36.223+0500: 3.680: Total time for which application threads were stopped: 0.0001580 seconds, Stopping threads took: 0.0000392 seconds
2017-03-17T11:26:36.281+0500: 3.738: Total time for which application threads were stopped: 0.0001944 seconds, Stopping threads took: 0.0000623 seconds
2017-03-17T11:26:36.599+0500: 4.056: Total time for which application threads were stopped: 0.0003000 seconds, Stopping threads took: 0.0001343 seconds
2017-03-17T11:26:36.639+0500: 4.097: Total time for which application threads were stopped: 0.0002042 seconds, Stopping threads took: 0.0000423 seconds
2017-03-17T11:26:36.659+0500: 4.116: Total time for which application threads were stopped: 0.0044483 seconds, Stopping threads took: 0.0040462 seconds
2017-03-17T11:26:36.683+0500: 4.140: Total time for which application threads were stopped: 0.0001190 seconds, Stopping threads took: 0.0000403 seconds
2017-03-17T11:26:36.683+0500: 4.140: Total time for which application threads were stopped: 0.0000528 seconds, Stopping threads took: 0.0000153 seconds
2017-03-17T11:26:37.776+0500: 5.233: [GC (CMS Initial Mark) [1 CMS-initial-mark: 0K(393216K)] 42460K(502464K), 0.0134087 secs] [Times: user=0.03 sys=0.00, real=0.01 secs] 
2017-03-17T11:26:37.789+0500: 5.246: Total time for which application threads were stopped: 0.0137160 seconds, Stopping threads took: 0.0001018 seconds
2017-03-17T11:26:37.789+0500: 5.246: [CMS-concurrent-mark-start]
2017-03-17T11:26:37.790+0500: 5.247: [CMS-concurrent-mark: 0.001/0.001 secs] [Times: user=0.00 sys=0.00, real=0.00 secs] 
2017-03-17T11:26:37.790+0500: 5.247: [CMS-concurrent-preclean-start]
2017-03-17T11:26:37.791+0500: 5.248: [CMS-concurrent-preclean: 0.001/0.001 secs] [Times: user=0.00 sys=0.00, real=0.01 secs] 
2017-03-17T11:26:37.791+0500: 5.248: [CMS-concurrent-abortable-preclean-start]
2017-03-17T11:26:39.693+0500: 7.150: Total time for which application threads were stopped: 0.0001388 seconds, Stopping threads took: 0.0000333 seconds
2017-03-17T11:26:39.693+0500: 7.150: Total time for which application threads were stopped: 0.0001342 seconds, Stopping threads took: 0.0000371 seconds
2017-03-17T11:26:39.699+0500: 7.156: Total time for which application threads were stopped: 0.0001777 seconds, Stopping threads took: 0.0000408 seconds
2017-03-17T11:26:39.699+0500: 7.156: Total time for which application threads were stopped: 0.0000808 seconds, Stopping threads took: 0.0000128 seconds
2017-03-17T11:26:39.699+0500: 7.156: Total time for which application threads were stopped: 0.0000757 seconds, Stopping threads took: 0.0000099 seconds
2017-03-17T11:26:39.699+0500: 7.156: Total time for which application threads were stopped: 0.0000814 seconds, Stopping threads took: 0.0000120 seconds
2017-03-17T11:26:39.699+0500: 7.156: Total time for which application threads were stopped: 0.0000778 seconds, Stopping threads took: 0.0000112 seconds
2017-03-17T11:26:39.731+0500: 7.188: Total time for which application threads were stopped: 0.0001334 seconds, Stopping threads took: 0.0000349 seconds
2017-03-17T11:26:39.751+0500: 7.208: Total time for which application threads were stopped: 0.0001645 seconds, Stopping threads took: 0.0000338 seconds
2017-03-17T11:26:39.781+0500: 7.238: Total time for which application threads were stopped: 0.0004906 seconds, Stopping threads took: 0.0000842 seconds
2017-03-17T11:26:39.809+0500: 7.267: Total time for which application threads were stopped: 0.0001765 seconds, Stopping threads took: 0.0000381 seconds
2017-03-17T11:26:39.845+0500: 7.302: Total time for which application threads were stopped: 0.0001869 seconds, Stopping threads took: 0.0000855 seconds
2017-03-17T11:26:39.867+0500: 7.324: Total time for which application threads were stopped: 0.0001551 seconds, Stopping threads took: 0.0000400 seconds
2017-03-17T11:26:39.919+0500: 7.376: Total time for which application threads were stopped: 0.0001585 seconds, Stopping threads took: 0.0000359 seconds
2017-03-17T11:26:39.930+0500: 7.387: Total time for which application threads were stopped: 0.0008741 seconds, Stopping threads took: 0.0000815 seconds
2017-03-17T11:26:39.932+0500: 7.389: Total time for which application threads were stopped: 0.0001390 seconds, Stopping threads took: 0.0000324 seconds
2017-03-17T11:26:39.932+0500: 7.389: Total time for which application threads were stopped: 0.0001044 seconds, Stopping threads took: 0.0000270 seconds
2017-03-17T11:26:39.934+0500: 7.391: Total time for which application threads were stopped: 0.0001745 seconds, Stopping threads took: 0.0000519 seconds
2017-03-17T11:26:39.934+0500: 7.391: Total time for which application threads were stopped: 0.0000973 seconds, Stopping threads took: 0.0000160 seconds
2017-03-17T11:26:39.934+0500: 7.391: Total time for which application threads were stopped: 0.0002058 seconds, Stopping threads took: 0.0000822 seconds
2017-03-17T11:26:39.946+0500: 7.404: Total time for which application threads were stopped: 0.0033856 seconds, Stopping threads took: 0.0032406 seconds
2017-03-17T11:26:39.947+0500: 7.404: Total time for which application threads were stopped: 0.0002316 seconds, Stopping threads took: 0.0000943 seconds
2017-03-17T11:26:39.951+0500: 7.408: Total time for which application threads were stopped: 0.0002815 seconds, Stopping threads took: 0.0001260 seconds
2017-03-17T11:26:39.955+0500: 7.412: Total time for which application threads were stopped: 0.0003900 seconds, Stopping threads took: 0.0002477 seconds
2017-03-17T11:26:39.955+0500: 7.412: Total time for which application threads were stopped: 0.0003248 seconds, Stopping threads took: 0.0002490 seconds
2017-03-17T11:26:40.065+0500: 7.522: Total time for which application threads were stopped: 0.0001821 seconds, Stopping threads took: 0.0000438 seconds
2017-03-17T11:26:40.115+0500: 7.572: Total time for which application threads were stopped: 0.0013257 seconds, Stopping threads took: 0.0011675 seconds
2017-03-17T11:26:40.151+0500: 7.608: Total time for which application threads were stopped: 0.0003665 seconds, Stopping threads took: 0.0002454 seconds
2017-03-17T11:26:40.152+0500: 7.610: Total time for which application threads were stopped: 0.0002637 seconds, Stopping threads took: 0.0001172 seconds
2017-03-17T11:26:40.161+0500: 7.618: Total time for which application threads were stopped: 0.0001576 seconds, Stopping threads took: 0.0000418 seconds
2017-03-17T11:26:41.161+0500: 8.618: Total time for which application threads were stopped: 0.0001639 seconds, Stopping threads took: 0.0000396 seconds
 CMS: abort preclean due to time 2017-03-17T11:26:43.839+0500: 11.296: [CMS-concurrent-abortable-preclean: 3.757/6.048 secs] [Times: user=3.30 sys=0.03, real=6.04 secs] 
2017-03-17T11:26:43.839+0500: 11.296: [GC (CMS Final Remark) [YG occupancy: 64026 K (109248 K)]{Heap before GC invocations=1 (full 1):
 par new generation   total 109248K, used 64026K [0x00000000e0000000, 0x00000000e8000000, 0x00000000e8000000)
  eden space 87424K,  60% used [0x00000000e0000000, 0x00000000e335b948, 0x00000000e5560000)
  from space 21824K,  52% used [0x00000000e6ab0000, 0x00000000e75db098, 0x00000000e8000000)
  to   space 21824K,   0% used [0x00000000e5560000, 0x00000000e5560000, 0x00000000e6ab0000)
 concurrent mark-sweep generation total 393216K, used 0K [0x00000000e8000000, 0x0000000100000000, 0x0000000100000000)
 Metaspace       used 24386K, capacity 24874K, committed 25076K, reserved 1071104K
  class space    used 2893K, capacity 3078K, committed 3192K, reserved 1048576K
2017-03-17T11:26:43.839+0500: 11.296: [GC (CMS Final Remark) 2017-03-17T11:26:43.839+0500: 11.296: [ParNew
Desired survivor size 20112992 bytes, new threshold 8 (max 8)
- age   1:    3932440 bytes,    3932440 total
- age   2:    5591800 bytes,    9524240 total
: 64026K->12733K(109248K), 0.1043863 secs] 64026K->12733K(502464K), 0.1044665 secs] [Times: user=0.07 sys=0.02, real=0.11 secs] 
Heap after GC invocations=2 (full 1):
 par new generation   total 109248K, used 12733K [0x00000000e0000000, 0x00000000e8000000, 0x00000000e8000000)
  eden space 87424K,   0% used [0x00000000e0000000, 0x00000000e0000000, 0x00000000e5560000)
  from space 21824K,  58% used [0x00000000e5560000, 0x00000000e61cf668, 0x00000000e6ab0000)
  to   space 21824K,   0% used [0x00000000e6ab0000, 0x00000000e6ab0000, 0x00000000e8000000)
 concurrent mark-sweep generation total 393216K, used 0K [0x00000000e8000000, 0x0000000100000000, 0x0000000100000000)
 Metaspace       used 24386K, capacity 24874K, committed 25076K, reserved 1071104K
  class space    used 2893K, capacity 3078K, committed 3192K, reserved 1048576K
}
2017-03-17T11:26:43.944+0500: 11.401: [Rescan (parallel) , 0.0182893 secs]2017-03-17T11:26:43.962+0500: 11.419: [weak refs processing, 0.0149578 secs]2017-03-17T11:26:43.977+0500: 11.434: [class unloading, 0.0063210 secs]2017-03-17T11:26:43.983+0500: 11.440: [scrub symbol table, 0.0074508 secs]2017-03-17T11:26:43.991+0500: 11.448: [scrub string table, 0.0006732 secs][1 CMS-remark: 0K(393216K)] 12733K(502464K), 0.1531960 secs] [Times: user=0.11 sys=0.02, real=0.16 secs] 
2017-03-17T11:26:43.992+0500: 11.449: Total time for which application threads were stopped: 0.1533954 seconds, Stopping threads took: 0.0000336 seconds
2017-03-17T11:26:43.994+0500: 11.452: [CMS-concurrent-sweep-start]
2017-03-17T11:26:43.995+0500: 11.452: [CMS-concurrent-sweep: 0.000/0.000 secs] [Times: user=0.01 sys=0.00, real=0.00 secs] 
2017-03-17T11:26:43.995+0500: 11.452: [CMS-concurrent-reset-start]
2017-03-17T11:26:44.004+0500: 11.461: [CMS-concurrent-reset: 0.010/0.010 secs] [Times: user=0.00 sys=0.01, real=0.01 secs] 
2017-03-17T11:26:44.005+0500: 11.462: Total time for which application threads were stopped: 0.0001773 seconds, Stopping threads took: 0.0000502 seconds
2017-03-17T11:26:44.005+0500: 11.462: Total time for which application threads were stopped: 0.0000817 seconds, Stopping threads took: 0.0000172 seconds
2017-03-17T11:26:44.005+0500: 11.462: Total time for which application threads were stopped: 0.0000603 seconds, Stopping threads took: 0.0000106 seconds
2017-03-17T11:26:44.005+0500: 11.462: Total time for which application threads were stopped: 0.0002843 seconds, Stopping threads took: 0.0000094 seconds
2017-03-17T11:26:45.398+0500: 12.855: Total time for which application threads were stopped: 0.0001225 seconds, Stopping threads took: 0.0000347 seconds
2017-03-17T11:26:45.400+0500: 12.857: Total time for which application threads were stopped: 0.0001104 seconds, Stopping threads took: 0.0000348 seconds
2017-03-17T11:26:45.447+0500: 12.904: Total time for which application threads were stopped: 0.0001169 seconds, Stopping threads took: 0.0000296 seconds
2017-03-17T11:26:45.451+0500: 12.908: Total time for which application threads were stopped: 0.0001349 seconds, Stopping threads took: 0.0000319 seconds
2017-03-17T11:26:46.079+0500: 13.536: Total time for which application threads were stopped: 0.0001321 seconds, Stopping threads took: 0.0000364 seconds
2017-03-17T11:26:46.079+0500: 13.536: Total time for which application threads were stopped: 0.0000886 seconds, Stopping threads took: 0.0000196 seconds
2017-03-17T11:26:46.314+0500: 13.771: Total time for which application threads were stopped: 0.0001839 seconds, Stopping threads took: 0.0000913 seconds
2017-03-17T11:26:46.318+0500: 13.776: Total time for which application threads were stopped: 0.0003178 seconds, Stopping threads took: 0.0000367 seconds
2017-03-17T11:26:48.137+0500: 15.594: Total time for which application threads were stopped: 0.0002070 seconds, Stopping threads took: 0.0000638 seconds
2017-03-17T11:26:48.137+0500: 15.594: Total time for which application threads were stopped: 0.0001416 seconds, Stopping threads took: 0.0000234 seconds
2017-03-17T11:26:48.207+0500: 15.664: Total time for which application threads were stopped: 0.0001496 seconds, Stopping threads took: 0.0000299 seconds
2017-03-17T11:26:48.208+0500: 15.665: Total time for which application threads were stopped: 0.0001421 seconds, Stopping threads took: 0.0000302 seconds
2017-03-17T11:26:48.212+0500: 15.669: Total time for which application threads were stopped: 0.0001485 seconds, Stopping threads took: 0.0000382 seconds
2017-03-17T11:26:48.213+0500: 15.670: Total time for which application threads were stopped: 0.0001087 seconds, Stopping threads took: 0.0000229 seconds
2017-03-17T11:26:48.226+0500: 15.684: Total time for which application threads were stopped: 0.0001503 seconds, Stopping threads took: 0.0000371 seconds
2017-03-17T11:26:48.227+0500: 15.684: Total time for which application threads were stopped: 0.0001388 seconds, Stopping threads took: 0.0000294 seconds
2017-03-17T11:26:48.235+0500: 15.692: Total time for which application threads were stopped: 0.0003210 seconds, Stopping threads took: 0.0000939 seconds
2017-03-17T11:26:48.236+0500: 15.693: Total time for which application threads were stopped: 0.0002985 seconds, Stopping threads took: 0.0000893 seconds
2017-03-17T11:26:48.256+0500: 15.713: Total time for which application threads were stopped: 0.0001781 seconds, Stopping threads took: 0.0000422 seconds
2017-03-17T11:26:48.258+0500: 15.715: Total time for which application threads were stopped: 0.0017440 seconds, Stopping threads took: 0.0016046 seconds
2017-03-17T11:26:48.258+0500: 15.715: Total time for which application threads were stopped: 0.0000898 seconds, Stopping threads took: 0.0000180 seconds
2017-03-17T11:26:48.258+0500: 15.715: Total time for which application threads were stopped: 0.0000729 seconds, Stopping threads took: 0.0000087 seconds
2017-03-17T11:26:48.259+0500: 15.716: Total time for which application threads were stopped: 0.0001157 seconds, Stopping threads took: 0.0000090 seconds
2017-03-17T11:26:48.266+0500: 15.723: Total time for which application threads were stopped: 0.0030359 seconds, Stopping threads took: 0.0029013 seconds
2017-03-17T11:26:48.273+0500: 15.730: Total time for which application threads were stopped: 0.0001615 seconds, Stopping threads took: 0.0000431 seconds
2017-03-17T11:26:48.273+0500: 15.730: Total time for which application threads were stopped: 0.0000788 seconds, Stopping threads took: 0.0000135 seconds
2017-03-17T11:26:48.275+0500: 15.732: Total time for which application threads were stopped: 0.0005462 seconds, Stopping threads took: 0.0004189 seconds
2017-03-17T11:26:48.276+0500: 15.733: Total time for which application threads were stopped: 0.0001514 seconds, Stopping threads took: 0.0000409 seconds
2017-03-17T11:26:48.279+0500: 15.736: Total time for which application threads were stopped: 0.0002922 seconds, Stopping threads took: 0.0000314 seconds
2017-03-17T11:26:48.301+0500: 15.759: Total time for which application threads were stopped: 0.0001361 seconds, Stopping threads took: 0.0000321 seconds
2017-03-17T11:26:48.387+0500: 15.844: Total time for which application threads were stopped: 0.0001969 seconds, Stopping threads took: 0.0000435 seconds
2017-03-17T11:26:48.395+0500: 15.852: Total time for which application threads were stopped: 0.0001911 seconds, Stopping threads took: 0.0000844 seconds
2017-03-17T11:26:48.461+0500: 15.918: Total time for which application threads were stopped: 0.0001798 seconds, Stopping threads took: 0.0000462 seconds
2017-03-17T11:26:48.910+0500: 16.367: Total time for which application threads were stopped: 0.0042738 seconds, Stopping threads took: 0.0040618 seconds
2017-03-17T11:26:48.910+0500: 16.367: Total time for which application threads were stopped: 0.0001748 seconds, Stopping threads took: 0.0000696 seconds
2017-03-17T11:26:48.927+0500: 16.384: Total time for which application threads were stopped: 0.0079836 seconds, Stopping threads took: 0.0078060 seconds
2017-03-17T11:26:48.927+0500: 16.385: Total time for which application threads were stopped: 0.0001873 seconds, Stopping threads took: 0.0000518 seconds
2017-03-17T11:26:48.946+0500: 16.403: Total time for which application threads were stopped: 0.0001331 seconds, Stopping threads took: 0.0000339 seconds
2017-03-17T11:26:48.949+0500: 16.406: Total time for which application threads were stopped: 0.0001553 seconds, Stopping threads took: 0.0000350 seconds
2017-03-17T11:26:48.952+0500: 16.409: Total time for which application threads were stopped: 0.0003116 seconds, Stopping threads took: 0.0000408 seconds
2017-03-17T11:26:48.994+0500: 16.452: Total time for which application threads were stopped: 0.0002662 seconds, Stopping threads took: 0.0001226 seconds
2017-03-17T11:26:49.000+0500: 16.458: Total time for which application threads were stopped: 0.0001446 seconds, Stopping threads took: 0.0000393 seconds
2017-03-17T11:26:49.005+0500: 16.463: Total time for which application threads were stopped: 0.0001483 seconds, Stopping threads took: 0.0000382 seconds
2017-03-17T11:26:49.099+0500: 16.556: Total time for which application threads were stopped: 0.0001983 seconds, Stopping threads took: 0.0000459 seconds
2017-03-17T11:26:49.118+0500: 16.575: Total time for which application threads were stopped: 0.0024695 seconds, Stopping threads took: 0.0023029 seconds
2017-03-17T11:26:49.124+0500: 16.581: Total time for which application threads were stopped: 0.0022008 seconds, Stopping threads took: 0.0020348 seconds
2017-03-17T11:26:49.128+0500: 16.586: Total time for which application threads were stopped: 0.0003181 seconds, Stopping threads took: 0.0001618 seconds
2017-03-17T11:26:49.129+0500: 16.586: Total time for which application threads were stopped: 0.0002527 seconds, Stopping threads took: 0.0001012 seconds
2017-03-17T11:26:49.141+0500: 16.598: Total time for which application threads were stopped: 0.0023122 seconds, Stopping threads took: 0.0021393 seconds
2017-03-17T11:26:49.147+0500: 16.604: Total time for which application threads were stopped: 0.0045258 seconds, Stopping threads took: 0.0043660 seconds
2017-03-17T11:26:49.159+0500: 16.616: Total time for which application threads were stopped: 0.0002038 seconds, Stopping threads took: 0.0000541 seconds
2017-03-17T11:26:49.203+0500: 16.660: Total time for which application threads were stopped: 0.0001738 seconds, Stopping threads took: 0.0000383 seconds
2017-03-17T11:26:49.206+0500: 16.663: Total time for which application threads were stopped: 0.0003303 seconds, Stopping threads took: 0.0001492 seconds
2017-03-17T11:26:49.207+0500: 16.664: Total time for which application threads were stopped: 0.0001891 seconds, Stopping threads took: 0.0000427 seconds
2017-03-17T11:26:49.209+0500: 16.666: Total time for which application threads were stopped: 0.0003983 seconds, Stopping threads took: 0.0001970 seconds
2017-03-17T11:26:49.210+0500: 16.667: Total time for which application threads were stopped: 0.0003237 seconds, Stopping threads took: 0.0001762 seconds
2017-03-17T11:26:49.213+0500: 16.670: Total time for which application threads were stopped: 0.0002691 seconds, Stopping threads took: 0.0000601 seconds
2017-03-17T11:26:49.223+0500: 16.680: Total time for which application threads were stopped: 0.0006340 seconds, Stopping threads took: 0.0000474 seconds
2017-03-17T11:26:49.223+0500: 16.680: Total time for which application threads were stopped: 0.0002491 seconds, Stopping threads took: 0.0001190 seconds
2017-03-17T11:26:49.228+0500: 16.686: Total time for which application threads were stopped: 0.0002512 seconds, Stopping threads took: 0.0001143 seconds
2017-03-17T11:26:49.241+0500: 16.698: Total time for which application threads were stopped: 0.0059483 seconds, Stopping threads took: 0.0055274 seconds
2017-03-17T11:26:49.250+0500: 16.707: Total time for which application threads were stopped: 0.0006347 seconds, Stopping threads took: 0.0004275 seconds
2017-03-17T11:26:49.270+0500: 16.727: Total time for which application threads were stopped: 0.0002855 seconds, Stopping threads took: 0.0001333 seconds
2017-03-17T11:26:49.272+0500: 16.729: Total time for which application threads were stopped: 0.0002084 seconds, Stopping threads took: 0.0000624 seconds
2017-03-17T11:26:49.335+0500: 16.792: Total time for which application threads were stopped: 0.0004429 seconds, Stopping threads took: 0.0002479 seconds
2017-03-17T11:26:49.380+0500: 16.837: Total time for which application threads were stopped: 0.0002242 seconds, Stopping threads took: 0.0000521 seconds
2017-03-17T11:26:49.381+0500: 16.839: Total time for which application threads were stopped: 0.0002132 seconds, Stopping threads took: 0.0000562 seconds
2017-03-17T11:26:49.386+0500: 16.843: Total time for which application threads were stopped: 0.0002121 seconds, Stopping threads took: 0.0000629 seconds
2017-03-17T11:26:49.398+0500: 16.855: Total time for which application threads were stopped: 0.0001805 seconds, Stopping threads took: 0.0000373 seconds
2017-03-17T11:26:49.409+0500: 16.866: Total time for which application threads were stopped: 0.0001748 seconds, Stopping threads took: 0.0000365 seconds
2017-03-17T11:26:49.418+0500: 16.875: Total time for which application threads were stopped: 0.0001638 seconds, Stopping threads took: 0.0000361 seconds
2017-03-17T11:26:49.538+0500: 16.995: Total time for which application threads were stopped: 0.0002084 seconds, Stopping threads took: 0.0000495 seconds
2017-03-17T11:26:49.551+0500: 17.009: Total time for which application threads were stopped: 0.0002022 seconds, Stopping threads took: 0.0000523 seconds
2017-03-17T11:26:49.557+0500: 17.014: Total time for which application threads were stopped: 0.0001970 seconds, Stopping threads took: 0.0000465 seconds
2017-03-17T11:26:49.566+0500: 17.024: Total time for which application threads were stopped: 0.0002009 seconds, Stopping threads took: 0.0000470 seconds
2017-03-17T11:26:49.570+0500: 17.027: Total time for which application threads were stopped: 0.0001868 seconds, Stopping threads took: 0.0000463 seconds
2017-03-17T11:26:50.371+0500: 17.828: Total time for which application threads were stopped: 0.0005341 seconds, Stopping threads took: 0.0000457 seconds
2017-03-17T11:26:50.766+0500: 18.223: Total time for which application threads were stopped: 0.0081213 seconds, Stopping threads took: 0.0078647 seconds
2017-03-17T11:26:50.886+0500: 18.343: Total time for which application threads were stopped: 0.0002516 seconds, Stopping threads took: 0.0000451 seconds
2017-03-17T11:26:50.899+0500: 18.356: Total time for which application threads were stopped: 0.0002563 seconds, Stopping threads took: 0.0000552 seconds
2017-03-17T11:26:50.899+0500: 18.356: Total time for which application threads were stopped: 0.0001568 seconds, Stopping threads took: 0.0000241 seconds
2017-03-17T11:26:50.899+0500: 18.357: Total time for which application threads were stopped: 0.0001336 seconds, Stopping threads took: 0.0000188 seconds
2017-03-17T11:26:50.900+0500: 18.357: Total time for which application threads were stopped: 0.0001110 seconds, Stopping threads took: 0.0000181 seconds
2017-03-17T11:26:50.900+0500: 18.357: Total time for which application threads were stopped: 0.0001395 seconds, Stopping threads took: 0.0000173 seconds
2017-03-17T11:26:50.934+0500: 18.391: Total time for which application threads were stopped: 0.0037028 seconds, Stopping threads took: 0.0035170 seconds
2017-03-17T11:26:50.934+0500: 18.391: Total time for which application threads were stopped: 0.0002112 seconds, Stopping threads took: 0.0000395 seconds
2017-03-17T11:26:50.935+0500: 18.392: Total time for which application threads were stopped: 0.0001997 seconds, Stopping threads took: 0.0000301 seconds
2017-03-17T11:26:50.936+0500: 18.393: Total time for which application threads were stopped: 0.0008339 seconds, Stopping threads took: 0.0000321 seconds
2017-03-17T11:26:50.937+0500: 18.394: Total time for which application threads were stopped: 0.0001894 seconds, Stopping threads took: 0.0000294 seconds
2017-03-17T11:26:50.937+0500: 18.394: Total time for which application threads were stopped: 0.0001842 seconds, Stopping threads took: 0.0000245 seconds
2017-03-17T11:26:50.937+0500: 18.395: Total time for which application threads were stopped: 0.0001992 seconds, Stopping threads took: 0.0000333 seconds
2017-03-17T11:26:50.943+0500: 18.400: Total time for which application threads were stopped: 0.0002190 seconds, Stopping threads took: 0.0000377 seconds
2017-03-17T11:26:50.956+0500: 18.413: Total time for which application threads were stopped: 0.0027498 seconds, Stopping threads took: 0.0025441 seconds
2017-03-17T11:26:50.956+0500: 18.413: Total time for which application threads were stopped: 0.0002136 seconds, Stopping threads took: 0.0000266 seconds
2017-03-17T11:26:50.957+0500: 18.415: Total time for which application threads were stopped: 0.0002406 seconds, Stopping threads took: 0.0000406 seconds
2017-03-17T11:26:50.958+0500: 18.415: Total time for which application threads were stopped: 0.0001637 seconds, Stopping threads took: 0.0000151 seconds
2017-03-17T11:26:50.959+0500: 18.416: Total time for which application threads were stopped: 0.0006847 seconds, Stopping threads took: 0.0000355 seconds
2017-03-17T11:26:51.248+0500: 18.705: Total time for which application threads were stopped: 0.0009172 seconds, Stopping threads took: 0.0006645 seconds
2017-03-17T11:26:51.253+0500: 18.710: Total time for which application threads were stopped: 0.0035519 seconds, Stopping threads took: 0.0033301 seconds
2017-03-17T11:26:51.331+0500: 18.788: Total time for which application threads were stopped: 0.0002028 seconds, Stopping threads took: 0.0000549 seconds
2017-03-17T11:26:51.333+0500: 18.790: Total time for which application threads were stopped: 0.0002003 seconds, Stopping threads took: 0.0000372 seconds
2017-03-17T11:26:51.347+0500: 18.804: Total time for which application threads were stopped: 0.0043078 seconds, Stopping threads took: 0.0040865 seconds
2017-03-17T11:26:51.355+0500: 18.812: Total time for which application threads were stopped: 0.0002590 seconds, Stopping threads took: 0.0000761 seconds
2017-03-17T11:26:51.367+0500: 18.824: Total time for which application threads were stopped: 0.0002962 seconds, Stopping threads took: 0.0000773 seconds
2017-03-17T11:26:51.707+0500: 19.164: Total time for which application threads were stopped: 0.0002725 seconds, Stopping threads took: 0.0000659 seconds
2017-03-17T11:26:51.927+0500: 19.384: Total time for which application threads were stopped: 0.0006296 seconds, Stopping threads took: 0.0000683 seconds
{Heap before GC invocations=2 (full 1):
 par new generation   total 109248K, used 100157K [0x00000000e0000000, 0x00000000e8000000, 0x00000000e8000000)
  eden space 87424K, 100% used [0x00000000e0000000, 0x00000000e5560000, 0x00000000e5560000)
  from space 21824K,  58% used [0x00000000e5560000, 0x00000000e61cf668, 0x00000000e6ab0000)
  to   space 21824K,   0% used [0x00000000e6ab0000, 0x00000000e6ab0000, 0x00000000e8000000)
 concurrent mark-sweep generation total 393216K, used 0K [0x00000000e8000000, 0x0000000100000000, 0x0000000100000000)
 Metaspace       used 28011K, capacity 28566K, committed 28892K, reserved 1075200K
  class space    used 3336K, capacity 3540K, committed 3576K, reserved 1048576K
2017-03-17T11:26:52.245+0500: 19.702: [GC (Allocation Failure) 2017-03-17T11:26:52.245+0500: 19.702: [ParNew
Desired survivor size 20112992 bytes, new threshold 8 (max 8)
- age   1:    6463736 bytes,    6463736 total
- age   2:    1007840 bytes,    7471576 total
- age   3:    5580616 bytes,   13052192 total
: 100157K->17247K(109248K), 0.1323201 secs] 100157K->17247K(502464K), 0.1324784 secs] [Times: user=0.06 sys=0.04, real=0.13 secs] 
Heap after GC invocations=3 (full 1):
 par new generation   total 109248K, used 17247K [0x00000000e0000000, 0x00000000e8000000, 0x00000000e8000000)
  eden space 87424K,   0% used [0x00000000e0000000, 0x00000000e0000000, 0x00000000e5560000)
  from space 21824K,  79% used [0x00000000e6ab0000, 0x00000000e7b87e30, 0x00000000e8000000)
  to   space 21824K,   0% used [0x00000000e5560000, 0x00000000e5560000, 0x00000000e6ab0000)
 concurrent mark-sweep generation total 393216K, used 0K [0x00000000e8000000, 0x0000000100000000, 0x0000000100000000)
 Metaspace       used 28011K, capacity 28566K, committed 28892K, reserved 1075200K
  class space    used 3336K, capacity 3540K, committed 3576K, reserved 1048576K
}
2017-03-17T11:26:52.378+0500: 19.835: Total time for which application threads were stopped: 0.1397110 seconds, Stopping threads took: 0.0069520 seconds
2017-03-17T11:26:52.397+0500: 19.854: Total time for which application threads were stopped: 0.0036241 seconds, Stopping threads took: 0.0034470 seconds
2017-03-17T11:26:52.398+0500: 19.855: Total time for which application threads were stopped: 0.0002095 seconds, Stopping threads took: 0.0000511 seconds
2017-03-17T11:26:52.398+0500: 19.855: Total time for which application threads were stopped: 0.0001436 seconds, Stopping threads took: 0.0000109 seconds
2017-03-17T11:26:52.420+0500: 19.877: Total time for which application threads were stopped: 0.0068128 seconds, Stopping threads took: 0.0062828 seconds
2017-03-17T11:26:52.584+0500: 20.041: Total time for which application threads were stopped: 0.0105183 seconds, Stopping threads took: 0.0102693 seconds
2017-03-17T11:26:52.627+0500: 20.084: Total time for which application threads were stopped: 0.0002362 seconds, Stopping threads took: 0.0000627 seconds
2017-03-17T11:26:52.973+0500: 20.430: Total time for which application threads were stopped: 0.0137782 seconds, Stopping threads took: 0.0134866 seconds
{Heap before GC invocations=3 (full 1):
 par new generation   total 109248K, used 104671K [0x00000000e0000000, 0x00000000e8000000, 0x00000000e8000000)
  eden space 87424K, 100% used [0x00000000e0000000, 0x00000000e5560000, 0x00000000e5560000)
  from space 21824K,  79% used [0x00000000e6ab0000, 0x00000000e7b87e30, 0x00000000e8000000)
  to   space 21824K,   0% used [0x00000000e5560000, 0x00000000e5560000, 0x00000000e6ab0000)
 concurrent mark-sweep generation total 393216K, used 0K [0x00000000e8000000, 0x0000000100000000, 0x0000000100000000)
 Metaspace       used 28748K, capacity 29300K, committed 29532K, reserved 1075200K
  class space    used 3413K, capacity 3617K, committed 3704K, reserved 1048576K
2017-03-17T11:26:53.546+0500: 21.003: [GC (Allocation Failure) 2017-03-17T11:26:53.546+0500: 21.003: [ParNew
Desired survivor size 20112992 bytes, new threshold 8 (max 8)
- age   1:    2335080 bytes,    2335080 total
- age   2:    2841720 bytes,    5176800 total
- age   3:    1003768 bytes,    6180568 total
- age   4:    5580240 bytes,   11760808 total
: 104671K->16792K(109248K), 0.1314694 secs] 104671K->16792K(502464K), 0.1315934 secs] [Times: user=0.07 sys=0.02, real=0.13 secs] 
Heap after GC invocations=4 (full 1):
 par new generation   total 109248K, used 16792K [0x00000000e0000000, 0x00000000e8000000, 0x00000000e8000000)
  eden space 87424K,   0% used [0x00000000e0000000, 0x00000000e0000000, 0x00000000e5560000)
  from space 21824K,  76% used [0x00000000e5560000, 0x00000000e65c63d8, 0x00000000e6ab0000)
  to   space 21824K,   0% used [0x00000000e6ab0000, 0x00000000e6ab0000, 0x00000000e8000000)
 concurrent mark-sweep generation total 393216K, used 0K [0x00000000e8000000, 0x0000000100000000, 0x0000000100000000)
 Metaspace       used 28748K, capacity 29300K, committed 29532K, reserved 1075200K
  class space    used 3413K, capacity 3617K, committed 3704K, reserved 1048576K
}
2017-03-17T11:26:53.678+0500: 21.135: Total time for which application threads were stopped: 0.1332613 seconds, Stopping threads took: 0.0013400 seconds
2017-03-17T11:26:53.703+0500: 21.160: Total time for which application threads were stopped: 0.0161188 seconds, Stopping threads took: 0.0158688 seconds
2017-03-17T11:26:53.703+0500: 21.160: Total time for which application threads were stopped: 0.0002028 seconds, Stopping threads took: 0.0000240 seconds
2017-03-17T11:26:53.707+0500: 21.164: Total time for which application threads were stopped: 0.0002769 seconds, Stopping threads took: 0.0000700 seconds
2017-03-17T11:26:54.471+0500: 21.928: Total time for which application threads were stopped: 0.0003510 seconds, Stopping threads took: 0.0000457 seconds
2017-03-17T11:26:54.498+0500: 21.955: Total time for which application threads were stopped: 0.0003007 seconds, Stopping threads took: 0.0000547 seconds
{Heap before GC invocations=4 (full 1):
 par new generation   total 109248K, used 104216K [0x00000000e0000000, 0x00000000e8000000, 0x00000000e8000000)
  eden space 87424K, 100% used [0x00000000e0000000, 0x00000000e5560000, 0x00000000e5560000)
  from space 21824K,  76% used [0x00000000e5560000, 0x00000000e65c63d8, 0x00000000e6ab0000)
  to   space 21824K,   0% used [0x00000000e6ab0000, 0x00000000e6ab0000, 0x00000000e8000000)
 concurrent mark-sweep generation total 393216K, used 0K [0x00000000e8000000, 0x0000000100000000, 0x0000000100000000)
 Metaspace       used 29182K, capacity 29740K, committed 30044K, reserved 1075200K
  class space    used 3467K, capacity 3653K, committed 3704K, reserved 1048576K
2017-03-17T11:26:54.582+0500: 22.039: [GC (Allocation Failure) 2017-03-17T11:26:54.582+0500: 22.039: [ParNew
Desired survivor size 20112992 bytes, new threshold 8 (max 8)
- age   1:    1213872 bytes,    1213872 total
- age   2:    1756560 bytes,    2970432 total
- age   3:    2815696 bytes,    5786128 total
- age   4:    1003088 bytes,    6789216 total
- age   5:    5580064 bytes,   12369280 total
: 104216K->14583K(109248K), 0.0815027 secs] 104216K->14583K(502464K), 0.0816410 secs] [Times: user=0.08 sys=0.00, real=0.09 secs] 
Heap after GC invocations=5 (full 1):
 par new generation   total 109248K, used 14583K [0x00000000e0000000, 0x00000000e8000000, 0x00000000e8000000)
  eden space 87424K,   0% used [0x00000000e0000000, 0x00000000e0000000, 0x00000000e5560000)
  from space 21824K,  66% used [0x00000000e6ab0000, 0x00000000e78edfa0, 0x00000000e8000000)
  to   space 21824K,   0% used [0x00000000e5560000, 0x00000000e5560000, 0x00000000e6ab0000)
 concurrent mark-sweep generation total 393216K, used 0K [0x00000000e8000000, 0x0000000100000000, 0x0000000100000000)
 Metaspace       used 29182K, capacity 29740K, committed 30044K, reserved 1075200K
  class space    used 3467K, capacity 3653K, committed 3704K, reserved 1048576K
}
2017-03-17T11:26:54.664+0500: 22.121: Total time for which application threads were stopped: 0.0863061 seconds, Stopping threads took: 0.0043418 seconds
{Heap before GC invocations=5 (full 1):
 par new generation   total 109248K, used 102007K [0x00000000e0000000, 0x00000000e8000000, 0x00000000e8000000)
  eden space 87424K, 100% used [0x00000000e0000000, 0x00000000e5560000, 0x00000000e5560000)
  from space 21824K,  66% used [0x00000000e6ab0000, 0x00000000e78edfa0, 0x00000000e8000000)
  to   space 21824K,   0% used [0x00000000e5560000, 0x00000000e5560000, 0x00000000e6ab0000)
 concurrent mark-sweep generation total 393216K, used 0K [0x00000000e8000000, 0x0000000100000000, 0x0000000100000000)
 Metaspace       used 29307K, capacity 29842K, committed 30044K, reserved 1075200K
  class space    used 3483K, capacity 3686K, committed 3704K, reserved 1048576K
2017-03-17T11:26:55.048+0500: 22.505: [GC (Allocation Failure) 2017-03-17T11:26:55.048+0500: 22.505: [ParNew
Desired survivor size 20112992 bytes, new threshold 8 (max 8)
- age   1:    1180824 bytes,    1180824 total
- age   2:     280160 bytes,    1460984 total
- age   3:    1755808 bytes,    3216792 total
- age   4:    2815184 bytes,    6031976 total
- age   5:    1003088 bytes,    7035064 total
- age   6:    5580064 bytes,   12615128 total
: 102007K->15776K(109248K), 0.0743146 secs] 102007K->15776K(502464K), 0.0744689 secs] [Times: user=0.07 sys=0.00, real=0.07 secs] 
Heap after GC invocations=6 (full 1):
 par new generation   total 109248K, used 15776K [0x00000000e0000000, 0x00000000e8000000, 0x00000000e8000000)
  eden space 87424K,   0% used [0x00000000e0000000, 0x00000000e0000000, 0x00000000e5560000)
  from space 21824K,  72% used [0x00000000e5560000, 0x00000000e64c83d0, 0x00000000e6ab0000)
  to   space 21824K,   0% used [0x00000000e6ab0000, 0x00000000e6ab0000, 0x00000000e8000000)
 concurrent mark-sweep generation total 393216K, used 0K [0x00000000e8000000, 0x0000000100000000, 0x0000000100000000)
 Metaspace       used 29307K, capacity 29842K, committed 30044K, reserved 1075200K
  class space    used 3483K, capacity 3686K, committed 3704K, reserved 1048576K
}
2017-03-17T11:26:55.122+0500: 22.580: Total time for which application threads were stopped: 0.1087080 seconds, Stopping threads took: 0.0339000 seconds
2017-03-17T11:26:55.273+0500: 22.730: Total time for which application threads were stopped: 0.0088800 seconds, Stopping threads took: 0.0086006 seconds
2017-03-17T11:26:55.310+0500: 22.767: Total time for which application threads were stopped: 0.0002954 seconds, Stopping threads took: 0.0000734 seconds
2017-03-17T11:26:55.356+0500: 22.813: Total time for which application threads were stopped: 0.0049277 seconds, Stopping threads took: 0.0047138 seconds
2017-03-17T11:26:55.410+0500: 22.867: Total time for which application threads were stopped: 0.0024428 seconds, Stopping threads took: 0.0022141 seconds
2017-03-17T11:26:55.411+0500: 22.868: Total time for which application threads were stopped: 0.0002296 seconds, Stopping threads took: 0.0000209 seconds
2017-03-17T11:26:56.085+0500: 23.542: Total time for which application threads were stopped: 0.0009409 seconds, Stopping threads took: 0.0000613 seconds
{Heap before GC invocations=6 (full 1):
 par new generation   total 109248K, used 103200K [0x00000000e0000000, 0x00000000e8000000, 0x00000000e8000000)
  eden space 87424K, 100% used [0x00000000e0000000, 0x00000000e5560000, 0x00000000e5560000)
  from space 21824K,  72% used [0x00000000e5560000, 0x00000000e64c83d0, 0x00000000e6ab0000)
  to   space 21824K,   0% used [0x00000000e6ab0000, 0x00000000e6ab0000, 0x00000000e8000000)
 concurrent mark-sweep generation total 393216K, used 0K [0x00000000e8000000, 0x0000000100000000, 0x0000000100000000)
 Metaspace       used 30847K, capacity 31368K, committed 31836K, reserved 1077248K
  class space    used 3659K, capacity 3853K, committed 3960K, reserved 1048576K
2017-03-17T11:26:56.534+0500: 23.991: [GC (Allocation Failure) 2017-03-17T11:26:56.534+0500: 23.991: [ParNew
Desired survivor size 20112992 bytes, new threshold 8 (max 8)
- age   1:    2575360 bytes,    2575360 total
- age   2:     106192 bytes,    2681552 total
- age   3:     270936 bytes,    2952488 total
- age   4:     374560 bytes,    3327048 total
- age   5:    2810888 bytes,    6137936 total
- age   6:    1002512 bytes,    7140448 total
- age   7:    5579456 bytes,   12719904 total
: 103200K->20770K(109248K), 0.0958690 secs] 103200K->20770K(502464K), 0.0959868 secs] [Times: user=0.16 sys=0.01, real=0.09 secs] 
Heap after GC invocations=7 (full 1):
 par new generation   total 109248K, used 20770K [0x00000000e0000000, 0x00000000e8000000, 0x00000000e8000000)
  eden space 87424K,   0% used [0x00000000e0000000, 0x00000000e0000000, 0x00000000e5560000)
  from space 21824K,  95% used [0x00000000e6ab0000, 0x00000000e7ef8ba8, 0x00000000e8000000)
  to   space 21824K,   0% used [0x00000000e5560000, 0x00000000e5560000, 0x00000000e6ab0000)
 concurrent mark-sweep generation total 393216K, used 0K [0x00000000e8000000, 0x0000000100000000, 0x0000000100000000)
 Metaspace       used 30847K, capacity 31368K, committed 31836K, reserved 1077248K
  class space    used 3659K, capacity 3853K, committed 3960K, reserved 1048576K
}
2017-03-17T11:26:56.630+0500: 24.087: Total time for which application threads were stopped: 0.1055990 seconds, Stopping threads took: 0.0092896 seconds
2017-03-17T11:26:57.115+0500: 24.572: Total time for which application threads were stopped: 0.0008130 seconds, Stopping threads took: 0.0000514 seconds
2017-03-17T11:26:57.200+0500: 24.657: Total time for which application threads were stopped: 0.0007905 seconds, Stopping threads took: 0.0000620 seconds
2017-03-17T11:26:57.204+0500: 24.661: Total time for which application threads were stopped: 0.0007687 seconds, Stopping threads took: 0.0000696 seconds
2017-03-17T11:26:57.213+0500: 24.670: Total time for which application threads were stopped: 0.0003116 seconds, Stopping threads took: 0.0000600 seconds
2017-03-17T11:26:57.379+0500: 24.836: Total time for which application threads were stopped: 0.0002654 seconds, Stopping threads took: 0.0000655 seconds
2017-03-17T11:26:57.395+0500: 24.852: Total time for which application threads were stopped: 0.0084207 seconds, Stopping threads took: 0.0081664 seconds
2017-03-17T11:26:57.396+0500: 24.853: Total time for which application threads were stopped: 0.0002234 seconds, Stopping threads took: 0.0000303 seconds
2017-03-17T11:26:57.396+0500: 24.853: Total time for which application threads were stopped: 0.0001863 seconds, Stopping threads took: 0.0000222 seconds
2017-03-17T11:26:57.396+0500: 24.853: Total time for which application threads were stopped: 0.0001923 seconds, Stopping threads took: 0.0000221 seconds
2017-03-17T11:26:57.396+0500: 24.853: Total time for which application threads were stopped: 0.0002249 seconds, Stopping threads took: 0.0000286 seconds
2017-03-17T11:26:57.462+0500: 24.920: Total time for which application threads were stopped: 0.0007299 seconds, Stopping threads took: 0.0000605 seconds
2017-03-17T11:26:57.699+0500: 25.156: Total time for which application threads were stopped: 0.0101389 seconds, Stopping threads took: 0.0098901 seconds
2017-03-17T11:26:57.723+0500: 25.180: Total time for which application threads were stopped: 0.0042849 seconds, Stopping threads took: 0.0040568 seconds
2017-03-17T11:26:57.855+0500: 25.313: Total time for which application threads were stopped: 0.0042976 seconds, Stopping threads took: 0.0040656 seconds
2017-03-17T11:26:57.864+0500: 25.322: Total time for which application threads were stopped: 0.0003977 seconds, Stopping threads took: 0.0001942 seconds
2017-03-17T11:26:57.871+0500: 25.328: Total time for which application threads were stopped: 0.0002231 seconds, Stopping threads took: 0.0000644 seconds
2017-03-17T11:26:57.875+0500: 25.332: Total time for which application threads were stopped: 0.0002636 seconds, Stopping threads took: 0.0000562 seconds
2017-03-17T11:26:58.492+0500: 25.949: Total time for which application threads were stopped: 0.0004815 seconds, Stopping threads took: 0.0002484 seconds
2017-03-17T11:26:58.590+0500: 26.047: Total time for which application threads were stopped: 0.0070944 seconds, Stopping threads took: 0.0068691 seconds
2017-03-17T11:26:58.791+0500: 26.248: Total time for which application threads were stopped: 0.0117932 seconds, Stopping threads took: 0.0115143 seconds
2017-03-17T11:26:58.794+0500: 26.251: Total time for which application threads were stopped: 0.0004991 seconds, Stopping threads took: 0.0002622 seconds
{Heap before GC invocations=7 (full 1):
 par new generation   total 109248K, used 108194K [0x00000000e0000000, 0x00000000e8000000, 0x00000000e8000000)
  eden space 87424K, 100% used [0x00000000e0000000, 0x00000000e5560000, 0x00000000e5560000)
  from space 21824K,  95% used [0x00000000e6ab0000, 0x00000000e7ef8ba8, 0x00000000e8000000)
  to   space 21824K,   0% used [0x00000000e5560000, 0x00000000e5560000, 0x00000000e6ab0000)
 concurrent mark-sweep generation total 393216K, used 0K [0x00000000e8000000, 0x0000000100000000, 0x0000000100000000)
 Metaspace       used 34276K, capacity 34924K, committed 35292K, reserved 1081344K
  class space    used 4081K, capacity 4289K, committed 4344K, reserved 1048576K
2017-03-17T11:26:59.138+0500: 26.595: [GC (Allocation Failure) 2017-03-17T11:26:59.138+0500: 26.595: [ParNew
Desired survivor size 20112992 bytes, new threshold 8 (max 8)
- age   1:    4950408 bytes,    4950408 total
- age   2:     731736 bytes,    5682144 total
- age   3:     104704 bytes,    5786848 total
- age   4:     264912 bytes,    6051760 total
- age   5:     258784 bytes,    6310544 total
- age   6:    2774384 bytes,    9084928 total
- age   7:     984376 bytes,   10069304 total
- age   8:    5530504 bytes,   15599808 total
: 108194K->19736K(109248K), 0.0803953 secs] 108194K->19736K(502464K), 0.0805423 secs] [Times: user=0.07 sys=0.01, real=0.08 secs] 
Heap after GC invocations=8 (full 1):
 par new generation   total 109248K, used 19736K [0x00000000e0000000, 0x00000000e8000000, 0x00000000e8000000)
  eden space 87424K,   0% used [0x00000000e0000000, 0x00000000e0000000, 0x00000000e5560000)
  from space 21824K,  90% used [0x00000000e5560000, 0x00000000e68a6158, 0x00000000e6ab0000)
  to   space 21824K,   0% used [0x00000000e6ab0000, 0x00000000e6ab0000, 0x00000000e8000000)
 concurrent mark-sweep generation total 393216K, used 0K [0x00000000e8000000, 0x0000000100000000, 0x0000000100000000)
 Metaspace       used 34276K, capacity 34924K, committed 35292K, reserved 1081344K
  class space    used 4081K, capacity 4289K, committed 4344K, reserved 1048576K
}
2017-03-17T11:26:59.219+0500: 26.676: Total time for which application threads were stopped: 0.0810085 seconds, Stopping threads took: 0.0000535 seconds
2017-03-17T11:26:59.814+0500: 27.271: Total time for which application threads were stopped: 0.0072094 seconds, Stopping threads took: 0.0069162 seconds
2017-03-17T11:26:59.815+0500: 27.272: Total time for which application threads were stopped: 0.0002909 seconds, Stopping threads took: 0.0000575 seconds
2017-03-17T11:26:59.841+0500: 27.299: Total time for which application threads were stopped: 0.0039124 seconds, Stopping threads took: 0.0036934 seconds
2017-03-17T11:26:59.843+0500: 27.300: Total time for which application threads were stopped: 0.0004928 seconds, Stopping threads took: 0.0002755 seconds
2017-03-17T11:26:59.883+0500: 27.340: Total time for which application threads were stopped: 0.0045383 seconds, Stopping threads took: 0.0043053 seconds
2017-03-17T11:26:59.892+0500: 27.349: Total time for which application threads were stopped: 0.0018603 seconds, Stopping threads took: 0.0000377 seconds
2017-03-17T11:26:59.894+0500: 27.351: Total time for which application threads were stopped: 0.0003238 seconds, Stopping threads took: 0.0001227 seconds
2017-03-17T11:26:59.944+0500: 27.402: Total time for which application threads were stopped: 0.0017405 seconds, Stopping threads took: 0.0011359 seconds
2017-03-17T11:26:59.959+0500: 27.417: Total time for which application threads were stopped: 0.0007352 seconds, Stopping threads took: 0.0000608 seconds
2017-03-17T11:26:59.975+0500: 27.432: Total time for which application threads were stopped: 0.0062615 seconds, Stopping threads took: 0.0060162 seconds
2017-03-17T11:27:00.063+0500: 27.520: Total time for which application threads were stopped: 0.0002652 seconds, Stopping threads took: 0.0000660 seconds
2017-03-17T11:27:00.119+0500: 27.576: Total time for which application threads were stopped: 0.0003024 seconds, Stopping threads took: 0.0000474 seconds
2017-03-17T11:27:00.177+0500: 27.634: Total time for which application threads were stopped: 0.0003078 seconds, Stopping threads took: 0.0000867 seconds
2017-03-17T11:27:00.239+0500: 27.696: Total time for which application threads were stopped: 0.0160032 seconds, Stopping threads took: 0.0157469 seconds
2017-03-17T11:27:00.353+0500: 27.810: Total time for which application threads were stopped: 0.0003135 seconds, Stopping threads took: 0.0000438 seconds
2017-03-17T11:27:00.496+0500: 27.953: Total time for which application threads were stopped: 0.0085205 seconds, Stopping threads took: 0.0083348 seconds
2017-03-17T11:27:00.692+0500: 28.150: Total time for which application threads were stopped: 0.0030313 seconds, Stopping threads took: 0.0028177 seconds
2017-03-17T11:27:00.696+0500: 28.153: Total time for which application threads were stopped: 0.0002146 seconds, Stopping threads took: 0.0000422 seconds
2017-03-17T11:27:00.698+0500: 28.155: Total time for which application threads were stopped: 0.0002041 seconds, Stopping threads took: 0.0000376 seconds
2017-03-17T11:27:00.710+0500: 28.167: Total time for which application threads were stopped: 0.0013867 seconds, Stopping threads took: 0.0000597 seconds
2017-03-17T11:27:00.713+0500: 28.170: Total time for which application threads were stopped: 0.0002140 seconds, Stopping threads took: 0.0000408 seconds
2017-03-17T11:27:00.768+0500: 28.225: Total time for which application threads were stopped: 0.0005268 seconds, Stopping threads took: 0.0000375 seconds
2017-03-17T11:27:00.806+0500: 28.263: Total time for which application threads were stopped: 0.0022436 seconds, Stopping threads took: 0.0020555 seconds
2017-03-17T11:27:00.811+0500: 28.268: Total time for which application threads were stopped: 0.0002543 seconds, Stopping threads took: 0.0000426 seconds
2017-03-17T11:27:00.830+0500: 28.287: Total time for which application threads were stopped: 0.0002294 seconds, Stopping threads took: 0.0000400 seconds
2017-03-17T11:27:00.952+0500: 28.409: Total time for which application threads were stopped: 0.0002010 seconds, Stopping threads took: 0.0000377 seconds
2017-03-17T11:27:01.267+0500: 28.724: Total time for which application threads were stopped: 0.0003288 seconds, Stopping threads took: 0.0000495 seconds
2017-03-17T11:27:01.271+0500: 28.728: Total time for which application threads were stopped: 0.0006654 seconds, Stopping threads took: 0.0004686 seconds
2017-03-17T11:27:01.272+0500: 28.729: Total time for which application threads were stopped: 0.0002285 seconds, Stopping threads took: 0.0000363 seconds
2017-03-17T11:27:01.292+0500: 28.749: Total time for which application threads were stopped: 0.0002253 seconds, Stopping threads took: 0.0000412 seconds
2017-03-17T11:27:01.302+0500: 28.759: Total time for which application threads were stopped: 0.0002771 seconds, Stopping threads took: 0.0000621 seconds
2017-03-17T11:27:01.384+0500: 28.841: Total time for which application threads were stopped: 0.0008209 seconds, Stopping threads took: 0.0000436 seconds
2017-03-17T11:27:01.424+0500: 28.881: Total time for which application threads were stopped: 0.0002197 seconds, Stopping threads took: 0.0000403 seconds
2017-03-17T11:27:01.443+0500: 28.900: Total time for which application threads were stopped: 0.0002535 seconds, Stopping threads took: 0.0000682 seconds
2017-03-17T11:27:01.443+0500: 28.900: Total time for which application threads were stopped: 0.0001419 seconds, Stopping threads took: 0.0000185 seconds
2017-03-17T11:27:01.448+0500: 28.905: Total time for which application threads were stopped: 0.0002638 seconds, Stopping threads took: 0.0000645 seconds
2017-03-17T11:27:01.448+0500: 28.905: Total time for which application threads were stopped: 0.0001737 seconds, Stopping threads took: 0.0000352 seconds
2017-03-17T11:27:01.487+0500: 28.944: Total time for which application threads were stopped: 0.0002195 seconds, Stopping threads took: 0.0000372 seconds
2017-03-17T11:27:01.499+0500: 28.956: Total time for which application threads were stopped: 0.0002100 seconds, Stopping threads took: 0.0000432 seconds
2017-03-17T11:27:01.614+0500: 29.072: Total time for which application threads were stopped: 0.0002170 seconds, Stopping threads took: 0.0000398 seconds
2017-03-17T11:27:01.622+0500: 29.079: Total time for which application threads were stopped: 0.0001981 seconds, Stopping threads took: 0.0000383 seconds
2017-03-17T11:27:01.647+0500: 29.104: Total time for which application threads were stopped: 0.0002714 seconds, Stopping threads took: 0.0000881 seconds
2017-03-17T11:27:01.660+0500: 29.117: Total time for which application threads were stopped: 0.0002125 seconds, Stopping threads took: 0.0000403 seconds
2017-03-17T11:27:01.791+0500: 29.248: Total time for which application threads were stopped: 0.0002051 seconds, Stopping threads took: 0.0000402 seconds
2017-03-17T11:27:01.796+0500: 29.253: Total time for which application threads were stopped: 0.0001868 seconds, Stopping threads took: 0.0000386 seconds
2017-03-17T11:27:02.289+0500: 29.746: Total time for which application threads were stopped: 0.0002063 seconds, Stopping threads took: 0.0000381 seconds
2017-03-17T11:27:02.309+0500: 29.766: Total time for which application threads were stopped: 0.0009092 seconds, Stopping threads took: 0.0000849 seconds
2017-03-17T11:27:03.309+0500: 30.767: Total time for which application threads were stopped: 0.0002057 seconds, Stopping threads took: 0.0000381 seconds
2017-03-17T11:27:03.495+0500: 30.952: Total time for which application threads were stopped: 0.0002118 seconds, Stopping threads took: 0.0000537 seconds
2017-03-17T11:27:03.525+0500: 30.982: Total time for which application threads were stopped: 0.0002221 seconds, Stopping threads took: 0.0000648 seconds
2017-03-17T11:27:03.525+0500: 30.982: Total time for which application threads were stopped: 0.0001104 seconds, Stopping threads took: 0.0000266 seconds
2017-03-17T11:27:03.525+0500: 30.982: Total time for which application threads were stopped: 0.0001085 seconds, Stopping threads took: 0.0000257 seconds
2017-03-17T11:27:03.525+0500: 30.983: Total time for which application threads were stopped: 0.0001027 seconds, Stopping threads took: 0.0000245 seconds
2017-03-17T11:27:03.526+0500: 30.983: Total time for which application threads were stopped: 0.0001129 seconds, Stopping threads took: 0.0000251 seconds
2017-03-17T11:27:03.526+0500: 30.983: Total time for which application threads were stopped: 0.0001203 seconds, Stopping threads took: 0.0000308 seconds
2017-03-17T11:27:03.526+0500: 30.983: Total time for which application threads were stopped: 0.0000930 seconds, Stopping threads took: 0.0000235 seconds
2017-03-17T11:27:03.526+0500: 30.983: Total time for which application threads were stopped: 0.0000852 seconds, Stopping threads took: 0.0000197 seconds
2017-03-17T11:27:03.526+0500: 30.983: Total time for which application threads were stopped: 0.0000878 seconds, Stopping threads took: 0.0000202 seconds
2017-03-17T11:27:03.526+0500: 30.983: Total time for which application threads were stopped: 0.0000825 seconds, Stopping threads took: 0.0000198 seconds
2017-03-17T11:27:03.526+0500: 30.984: Total time for which application threads were stopped: 0.0000819 seconds, Stopping threads took: 0.0000189 seconds
2017-03-17T11:27:03.527+0500: 30.984: Total time for which application threads were stopped: 0.0000980 seconds, Stopping threads took: 0.0000199 seconds
2017-03-17T11:27:03.527+0500: 30.984: Total time for which application threads were stopped: 0.0001351 seconds, Stopping threads took: 0.0000211 seconds
2017-03-17T11:27:03.527+0500: 30.984: Total time for which application threads were stopped: 0.0001296 seconds, Stopping threads took: 0.0000309 seconds
2017-03-17T11:27:03.547+0500: 31.004: Total time for which application threads were stopped: 0.0202933 seconds, Stopping threads took: 0.0200298 seconds
2017-03-17T11:27:03.547+0500: 31.005: Total time for which application threads were stopped: 0.0001735 seconds, Stopping threads took: 0.0000276 seconds
2017-03-17T11:27:03.548+0500: 31.005: Total time for which application threads were stopped: 0.0001488 seconds, Stopping threads took: 0.0000194 seconds
2017-03-17T11:27:03.548+0500: 31.005: Total time for which application threads were stopped: 0.0001169 seconds, Stopping threads took: 0.0000192 seconds
2017-03-17T11:27:03.548+0500: 31.005: Total time for which application threads were stopped: 0.0001179 seconds, Stopping threads took: 0.0000157 seconds
2017-03-17T11:27:03.548+0500: 31.005: Total time for which application threads were stopped: 0.0001157 seconds, Stopping threads took: 0.0000156 seconds
2017-03-17T11:27:03.549+0500: 31.006: Total time for which application threads were stopped: 0.0004816 seconds, Stopping threads took: 0.0000144 seconds
2017-03-17T11:27:03.549+0500: 31.006: Total time for which application threads were stopped: 0.0001850 seconds, Stopping threads took: 0.0000269 seconds
2017-03-17T11:27:03.635+0500: 31.092: Total time for which application threads were stopped: 0.0008459 seconds, Stopping threads took: 0.0000483 seconds
2017-03-17T11:27:03.646+0500: 31.103: Total time for which application threads were stopped: 0.0003092 seconds, Stopping threads took: 0.0000476 seconds
2017-03-17T11:27:03.651+0500: 31.108: Total time for which application threads were stopped: 0.0006532 seconds, Stopping threads took: 0.0000824 seconds
2017-03-17T11:27:03.653+0500: 31.110: Total time for which application threads were stopped: 0.0004565 seconds, Stopping threads took: 0.0001873 seconds
2017-03-17T11:27:03.807+0500: 31.264: Total time for which application threads were stopped: 0.0044547 seconds, Stopping threads took: 0.0041499 seconds
2017-03-17T11:27:03.809+0500: 31.266: Total time for which application threads were stopped: 0.0003250 seconds, Stopping threads took: 0.0000753 seconds
2017-03-17T11:27:03.822+0500: 31.279: Total time for which application threads were stopped: 0.0002420 seconds, Stopping threads took: 0.0000373 seconds
2017-03-17T11:27:03.928+0500: 31.385: Total time for which application threads were stopped: 0.0002607 seconds, Stopping threads took: 0.0000849 seconds
2017-03-17T11:27:03.930+0500: 31.387: Total time for which application threads were stopped: 0.0002461 seconds, Stopping threads took: 0.0000596 seconds
2017-03-17T11:27:03.930+0500: 31.387: Total time for which application threads were stopped: 0.0002145 seconds, Stopping threads took: 0.0000372 seconds
2017-03-17T11:27:03.957+0500: 31.414: Total time for which application threads were stopped: 0.0056943 seconds, Stopping threads took: 0.0055065 seconds
2017-03-17T11:27:04.099+0500: 31.556: Total time for which application threads were stopped: 0.0203007 seconds, Stopping threads took: 0.0199422 seconds
2017-03-17T11:27:04.139+0500: 31.596: Total time for which application threads were stopped: 0.0044879 seconds, Stopping threads took: 0.0042203 seconds
2017-03-17T11:27:04.144+0500: 31.601: Total time for which application threads were stopped: 0.0002520 seconds, Stopping threads took: 0.0000489 seconds
2017-03-17T11:27:04.148+0500: 31.605: Total time for which application threads were stopped: 0.0002164 seconds, Stopping threads took: 0.0000382 seconds
2017-03-17T11:27:04.204+0500: 31.661: Total time for which application threads were stopped: 0.0044691 seconds, Stopping threads took: 0.0042582 seconds
2017-03-17T11:27:04.279+0500: 31.736: Total time for which application threads were stopped: 0.0303364 seconds, Stopping threads took: 0.0300287 seconds
2017-03-17T11:27:04.337+0500: 31.794: Total time for which application threads were stopped: 0.0057830 seconds, Stopping threads took: 0.0054924 seconds
2017-03-17T11:27:04.373+0500: 31.831: Total time for which application threads were stopped: 0.0031231 seconds, Stopping threads took: 0.0029186 seconds
2017-03-17T11:27:04.447+0500: 31.904: Total time for which application threads were stopped: 0.0603946 seconds, Stopping threads took: 0.0601184 seconds
2017-03-17T11:27:04.489+0500: 31.946: Total time for which application threads were stopped: 0.0100605 seconds, Stopping threads took: 0.0098534 seconds
2017-03-17T11:27:04.539+0500: 31.996: Total time for which application threads were stopped: 0.0187110 seconds, Stopping threads took: 0.0185024 seconds
2017-03-17T11:27:04.601+0500: 32.058: Total time for which application threads were stopped: 0.0129908 seconds, Stopping threads took: 0.0119841 seconds
{Heap before GC invocations=8 (full 1):
 par new generation   total 109248K, used 107160K [0x00000000e0000000, 0x00000000e8000000, 0x00000000e8000000)
  eden space 87424K, 100% used [0x00000000e0000000, 0x00000000e5560000, 0x00000000e5560000)
  from space 21824K,  90% used [0x00000000e5560000, 0x00000000e68a6158, 0x00000000e6ab0000)
  to   space 21824K,   0% used [0x00000000e6ab0000, 0x00000000e6ab0000, 0x00000000e8000000)
 concurrent mark-sweep generation total 393216K, used 0K [0x00000000e8000000, 0x0000000100000000, 0x0000000100000000)
 Metaspace       used 36541K, capacity 37300K, committed 37596K, reserved 1083392K
  class space    used 4329K, capacity 4559K, committed 4600K, reserved 1048576K
2017-03-17T11:27:04.694+0500: 32.151: [GC (Allocation Failure) 2017-03-17T11:27:04.694+0500: 32.151: [ParNew
Desired survivor size 20112992 bytes, new threshold 8 (max 8)
- age   1:    8387304 bytes,    8387304 total
- age   2:    1979200 bytes,   10366504 total
- age   3:     731384 bytes,   11097888 total
- age   4:     104704 bytes,   11202592 total
- age   5:     264304 bytes,   11466896 total
- age   6:     257968 bytes,   11724864 total
- age   7:    2663664 bytes,   14388528 total
- age   8:     982912 bytes,   15371440 total
: 107160K->21824K(109248K), 0.2695649 secs] 107160K->27796K(502464K), 0.2697357 secs] [Times: user=0.18 sys=0.02, real=0.27 secs] 
Heap after GC invocations=9 (full 1):
 par new generation   total 109248K, used 21824K [0x00000000e0000000, 0x00000000e8000000, 0x00000000e8000000)
  eden space 87424K,   0% used [0x00000000e0000000, 0x00000000e0000000, 0x00000000e5560000)
  from space 21824K, 100% used [0x00000000e6ab0000, 0x00000000e8000000, 0x00000000e8000000)
  to   space 21824K,   0% used [0x00000000e5560000, 0x00000000e5560000, 0x00000000e6ab0000)
 concurrent mark-sweep generation total 393216K, used 5972K [0x00000000e8000000, 0x0000000100000000, 0x0000000100000000)
 Metaspace       used 36541K, capacity 37300K, committed 37596K, reserved 1083392K
  class space    used 4329K, capacity 4559K, committed 4600K, reserved 1048576K
}
2017-03-17T11:27:04.964+0500: 32.421: Total time for which application threads were stopped: 0.2788359 seconds, Stopping threads took: 0.0087322 seconds
2017-03-17T11:27:05.097+0500: 32.554: Total time for which application threads were stopped: 0.0452096 seconds, Stopping threads took: 0.0449380 seconds
2017-03-17T11:27:05.216+0500: 32.673: Total time for which application threads were stopped: 0.0406910 seconds, Stopping threads took: 0.0404606 seconds
{Heap before GC invocations=9 (full 1):
 par new generation   total 109248K, used 109248K [0x00000000e0000000, 0x00000000e8000000, 0x00000000e8000000)
  eden space 87424K, 100% used [0x00000000e0000000, 0x00000000e5560000, 0x00000000e5560000)
  from space 21824K, 100% used [0x00000000e6ab0000, 0x00000000e8000000, 0x00000000e8000000)
  to   space 21824K,   0% used [0x00000000e5560000, 0x00000000e5560000, 0x00000000e6ab0000)
 concurrent mark-sweep generation total 393216K, used 5972K [0x00000000e8000000, 0x0000000100000000, 0x0000000100000000)
 Metaspace       used 36593K, capacity 37370K, committed 37596K, reserved 1083392K
  class space    used 4330K, capacity 4560K, committed 4600K, reserved 1048576K
2017-03-17T11:27:05.879+0500: 33.336: [GC (Allocation Failure) 2017-03-17T11:27:05.879+0500: 33.336: [ParNew
Desired survivor size 20112992 bytes, new threshold 8 (max 8)
- age   1:    2207080 bytes,    2207080 total
- age   2:    6117688 bytes,    8324768 total
- age   3:    1979200 bytes,   10303968 total
- age   4:     731384 bytes,   11035352 total
- age   5:     104704 bytes,   11140056 total
- age   6:     264304 bytes,   11404360 total
- age   7:     257968 bytes,   11662328 total
- age   8:    2663464 bytes,   14325792 total
: 109248K->15513K(109248K), 0.2777847 secs] 115220K->22464K(502464K), 0.2779294 secs] [Times: user=0.10 sys=0.00, real=0.28 secs] 
Heap after GC invocations=10 (full 1):
 par new generation   total 109248K, used 15513K [0x00000000e0000000, 0x00000000e8000000, 0x00000000e8000000)
  eden space 87424K,   0% used [0x00000000e0000000, 0x00000000e0000000, 0x00000000e5560000)
  from space 21824K,  71% used [0x00000000e5560000, 0x00000000e64867e0, 0x00000000e6ab0000)
  to   space 21824K,   0% used [0x00000000e6ab0000, 0x00000000e6ab0000, 0x00000000e8000000)
 concurrent mark-sweep generation total 393216K, used 6950K [0x00000000e8000000, 0x0000000100000000, 0x0000000100000000)
 Metaspace       used 36593K, capacity 37370K, committed 37596K, reserved 1083392K
  class space    used 4330K, capacity 4560K, committed 4600K, reserved 1048576K
}
2017-03-17T11:27:06.157+0500: 33.614: Total time for which application threads were stopped: 0.2783875 seconds, Stopping threads took: 0.0000908 seconds
2017-03-17T11:27:06.216+0500: 33.673: Total time for which application threads were stopped: 0.0071216 seconds, Stopping threads took: 0.0067489 seconds
2017-03-17T11:27:06.244+0500: 33.701: Total time for which application threads were stopped: 0.0054880 seconds, Stopping threads took: 0.0051962 seconds
{Heap before GC invocations=10 (full 1):
 par new generation   total 109248K, used 102918K [0x00000000e0000000, 0x00000000e8000000, 0x00000000e8000000)
  eden space 87424K,  99% used [0x00000000e0000000, 0x00000000e555b338, 0x00000000e5560000)
  from space 21824K,  71% used [0x00000000e5560000, 0x00000000e64867e0, 0x00000000e6ab0000)
  to   space 21824K,   0% used [0x00000000e6ab0000, 0x00000000e6ab0000, 0x00000000e8000000)
 concurrent mark-sweep generation total 393216K, used 6950K [0x00000000e8000000, 0x0000000100000000, 0x0000000100000000)
 Metaspace       used 36659K, capacity 37412K, committed 37596K, reserved 1083392K
  class space    used 4333K, capacity 4567K, committed 4600K, reserved 1048576K
2017-03-17T11:27:06.867+0500: 34.324: [GC (Allocation Failure) 2017-03-17T11:27:06.867+0500: 34.324: [ParNew
Desired survivor size 20112992 bytes, new threshold 8 (max 8)
- age   1:     493696 bytes,     493696 total
- age   2:    1685184 bytes,    2178880 total
- age   3:    6091632 bytes,    8270512 total
- age   4:    1979200 bytes,   10249712 total
- age   5:     731384 bytes,   10981096 total
- age   6:     104704 bytes,   11085800 total
- age   7:     263992 bytes,   11349792 total
- age   8:     257552 bytes,   11607344 total
: 102918K->19063K(109248K), 0.1856102 secs] 109869K->28661K(502464K), 0.1857611 secs] [Times: user=0.10 sys=0.01, real=0.19 secs] 
Heap after GC invocations=11 (full 1):
 par new generation   total 109248K, used 19063K [0x00000000e0000000, 0x00000000e8000000, 0x00000000e8000000)
  eden space 87424K,   0% used [0x00000000e0000000, 0x00000000e0000000, 0x00000000e5560000)
  from space 21824K,  87% used [0x00000000e6ab0000, 0x00000000e7d4dd10, 0x00000000e8000000)
  to   space 21824K,   0% used [0x00000000e5560000, 0x00000000e5560000, 0x00000000e6ab0000)
 concurrent mark-sweep generation total 393216K, used 9597K [0x00000000e8000000, 0x0000000100000000, 0x0000000100000000)
 Metaspace       used 36659K, capacity 37412K, committed 37596K, reserved 1083392K
  class space    used 4333K, capacity 4567K, committed 4600K, reserved 1048576K
}
2017-03-17T11:27:07.053+0500: 34.510: Total time for which application threads were stopped: 0.1942542 seconds, Stopping threads took: 0.0081373 seconds
2017-03-17T11:27:07.183+0500: 34.640: Total time for which application threads were stopped: 0.0562800 seconds, Stopping threads took: 0.0560597 seconds
2017-03-17T11:27:07.203+0500: 34.660: Total time for which application threads were stopped: 0.0171086 seconds, Stopping threads took: 0.0169168 seconds
{Heap before GC invocations=11 (full 1):
 par new generation   total 109248K, used 106487K [0x00000000e0000000, 0x00000000e8000000, 0x00000000e8000000)
  eden space 87424K, 100% used [0x00000000e0000000, 0x00000000e5560000, 0x00000000e5560000)
  from space 21824K,  87% used [0x00000000e6ab0000, 0x00000000e7d4dd10, 0x00000000e8000000)
  to   space 21824K,   0% used [0x00000000e5560000, 0x00000000e5560000, 0x00000000e6ab0000)
 concurrent mark-sweep generation total 393216K, used 9597K [0x00000000e8000000, 0x0000000100000000, 0x0000000100000000)
 Metaspace       used 36684K, capacity 37412K, committed 37596K, reserved 1083392K
  class space    used 4333K, capacity 4567K, committed 4600K, reserved 1048576K
2017-03-17T11:27:07.925+0500: 35.382: [GC (Allocation Failure) 2017-03-17T11:27:07.925+0500: 35.382: [ParNew
Desired survivor size 20112992 bytes, new threshold 8 (max 8)
- age   1:     551608 bytes,     551608 total
- age   2:      90744 bytes,     642352 total
- age   3:    1682592 bytes,    2324944 total
- age   4:    6091504 bytes,    8416448 total
- age   5:    1979200 bytes,   10395648 total
- age   6:     731384 bytes,   11127032 total
- age   7:     104704 bytes,   11231736 total
- age   8:     263992 bytes,   11495728 total
: 106487K->13780K(109248K), 0.1621653 secs] 116085K->23635K(502464K), 0.1623138 secs] [Times: user=0.08 sys=0.00, real=0.16 secs] 
Heap after GC invocations=12 (full 1):
 par new generation   total 109248K, used 13780K [0x00000000e0000000, 0x00000000e8000000, 0x00000000e8000000)
  eden space 87424K,   0% used [0x00000000e0000000, 0x00000000e0000000, 0x00000000e5560000)
  from space 21824K,  63% used [0x00000000e5560000, 0x00000000e62d5358, 0x00000000e6ab0000)
  to   space 21824K,   0% used [0x00000000e6ab0000, 0x00000000e6ab0000, 0x00000000e8000000)
 concurrent mark-sweep generation total 393216K, used 9855K [0x00000000e8000000, 0x0000000100000000, 0x0000000100000000)
 Metaspace       used 36684K, capacity 37412K, committed 37596K, reserved 1083392K
  class space    used 4333K, capacity 4567K, committed 4600K, reserved 1048576K
}
2017-03-17T11:27:08.088+0500: 35.545: Total time for which application threads were stopped: 0.1728585 seconds, Stopping threads took: 0.0102149 seconds
2017-03-17T11:27:09.139+0500: 36.597: Total time for which application threads were stopped: 0.0074791 seconds, Stopping threads took: 0.0072067 seconds
{Heap before GC invocations=12 (full 1):
 par new generation   total 109248K, used 101204K [0x00000000e0000000, 0x00000000e8000000, 0x00000000e8000000)
  eden space 87424K, 100% used [0x00000000e0000000, 0x00000000e5560000, 0x00000000e5560000)
  from space 21824K,  63% used [0x00000000e5560000, 0x00000000e62d5358, 0x00000000e6ab0000)
  to   space 21824K,   0% used [0x00000000e6ab0000, 0x00000000e6ab0000, 0x00000000e8000000)
 concurrent mark-sweep generation total 393216K, used 9855K [0x00000000e8000000, 0x0000000100000000, 0x0000000100000000)
 Metaspace       used 36813K, capacity 37610K, committed 37852K, reserved 1083392K
  class space    used 4334K, capacity 4568K, committed 4600K, reserved 1048576K
2017-03-17T11:27:09.426+0500: 36.883: [GC (Allocation Failure) 2017-03-17T11:27:09.426+0500: 36.883: [ParNew
Desired survivor size 20112992 bytes, new threshold 8 (max 8)
- age   1:    1004768 bytes,    1004768 total
- age   2:      83368 bytes,    1088136 total
- age   3:      88984 bytes,    1177120 total
- age   4:     991496 bytes,    2168616 total
- age   5:    6090752 bytes,    8259368 total
- age   6:    1979200 bytes,   10238568 total
- age   7:     731384 bytes,   10969952 total
- age   8:     104600 bytes,   11074552 total
: 101204K->17028K(109248K), 0.1005138 secs] 111059K->27147K(502464K), 0.1006338 secs] [Times: user=0.07 sys=0.00, real=0.10 secs] 
Heap after GC invocations=13 (full 1):
 par new generation   total 109248K, used 17028K [0x00000000e0000000, 0x00000000e8000000, 0x00000000e8000000)
  eden space 87424K,   0% used [0x00000000e0000000, 0x00000000e0000000, 0x00000000e5560000)
  from space 21824K,  78% used [0x00000000e6ab0000, 0x00000000e7b51180, 0x00000000e8000000)
  to   space 21824K,   0% used [0x00000000e5560000, 0x00000000e5560000, 0x00000000e6ab0000)
 concurrent mark-sweep generation total 393216K, used 10119K [0x00000000e8000000, 0x0000000100000000, 0x0000000100000000)
 Metaspace       used 36813K, capacity 37610K, committed 37852K, reserved 1083392K
  class space    used 4334K, capacity 4568K, committed 4600K, reserved 1048576K
}
2017-03-17T11:27:09.527+0500: 36.984: Total time for which application threads were stopped: 0.1065524 seconds, Stopping threads took: 0.0055812 seconds
2017-03-17T11:27:10.028+0500: 37.485: Total time for which application threads were stopped: 0.0049074 seconds, Stopping threads took: 0.0047035 seconds
2017-03-17T11:27:10.029+0500: 37.486: Total time for which application threads were stopped: 0.0002238 seconds, Stopping threads took: 0.0000441 seconds
2017-03-17T11:27:10.253+0500: 37.710: Total time for which application threads were stopped: 0.0053664 seconds, Stopping threads took: 0.0051612 seconds
2017-03-17T11:27:10.253+0500: 37.710: Total time for which application threads were stopped: 0.0001607 seconds, Stopping threads took: 0.0000255 seconds
2017-03-17T11:27:10.677+0500: 38.134: Total time for which application threads were stopped: 0.0049691 seconds, Stopping threads took: 0.0047679 seconds
2017-03-17T11:27:10.694+0500: 38.151: Total time for which application threads were stopped: 0.0003019 seconds, Stopping threads took: 0.0000775 seconds
2017-03-17T11:27:10.695+0500: 38.152: Total time for which application threads were stopped: 0.0006688 seconds, Stopping threads took: 0.0004714 seconds
2017-03-17T11:27:10.709+0500: 38.166: Total time for which application threads were stopped: 0.0119044 seconds, Stopping threads took: 0.0116995 seconds
2017-03-17T11:27:10.741+0500: 38.198: Total time for which application threads were stopped: 0.0054028 seconds, Stopping threads took: 0.0050843 seconds
2017-03-17T11:27:10.742+0500: 38.199: Total time for which application threads were stopped: 0.0002242 seconds, Stopping threads took: 0.0000445 seconds
2017-03-17T11:27:10.742+0500: 38.199: Total time for which application threads were stopped: 0.0001700 seconds, Stopping threads took: 0.0000236 seconds
2017-03-17T11:27:10.743+0500: 38.200: Total time for which application threads were stopped: 0.0002133 seconds, Stopping threads took: 0.0000400 seconds
2017-03-17T11:27:10.754+0500: 38.211: Total time for which application threads were stopped: 0.0002468 seconds, Stopping threads took: 0.0000608 seconds
2017-03-17T11:27:10.799+0500: 38.256: Total time for which application threads were stopped: 0.0196309 seconds, Stopping threads took: 0.0194338 seconds
2017-03-17T11:27:10.900+0500: 38.357: Total time for which application threads were stopped: 0.0171988 seconds, Stopping threads took: 0.0169863 seconds
2017-03-17T11:27:10.900+0500: 38.357: Total time for which application threads were stopped: 0.0001648 seconds, Stopping threads took: 0.0000228 seconds
2017-03-17T11:27:10.900+0500: 38.357: Total time for which application threads were stopped: 0.0001337 seconds, Stopping threads took: 0.0000162 seconds
2017-03-17T11:27:10.900+0500: 38.358: Total time for which application threads were stopped: 0.0001358 seconds, Stopping threads took: 0.0000169 seconds
2017-03-17T11:27:10.901+0500: 38.358: Total time for which application threads were stopped: 0.0001394 seconds, Stopping threads took: 0.0000174 seconds
2017-03-17T11:27:10.901+0500: 38.358: Total time for which application threads were stopped: 0.0001254 seconds, Stopping threads took: 0.0000159 seconds
2017-03-17T11:27:10.901+0500: 38.358: Total time for which application threads were stopped: 0.0001312 seconds, Stopping threads took: 0.0000152 seconds
2017-03-17T11:27:10.901+0500: 38.358: Total time for which application threads were stopped: 0.0001674 seconds, Stopping threads took: 0.0000149 seconds
2017-03-17T11:27:10.901+0500: 38.359: Total time for which application threads were stopped: 0.0001478 seconds, Stopping threads took: 0.0000203 seconds
2017-03-17T11:27:10.902+0500: 38.359: Total time for which application threads were stopped: 0.0001174 seconds, Stopping threads took: 0.0000139 seconds
2017-03-17T11:27:10.902+0500: 38.359: Total time for which application threads were stopped: 0.0001052 seconds, Stopping threads took: 0.0000138 seconds
2017-03-17T11:27:10.902+0500: 38.359: Total time for which application threads were stopped: 0.0001112 seconds, Stopping threads took: 0.0000122 seconds
2017-03-17T11:27:10.902+0500: 38.359: Total time for which application threads were stopped: 0.0001239 seconds, Stopping threads took: 0.0000165 seconds
2017-03-17T11:27:10.902+0500: 38.359: Total time for which application threads were stopped: 0.0001421 seconds, Stopping threads took: 0.0000169 seconds
2017-03-17T11:27:10.902+0500: 38.360: Total time for which application threads were stopped: 0.0001282 seconds, Stopping threads took: 0.0000155 seconds
2017-03-17T11:27:10.903+0500: 38.360: Total time for which application threads were stopped: 0.0001308 seconds, Stopping threads took: 0.0000150 seconds
2017-03-17T11:27:10.903+0500: 38.360: Total time for which application threads were stopped: 0.0001571 seconds, Stopping threads took: 0.0000206 seconds
2017-03-17T11:27:10.903+0500: 38.360: Total time for which application threads were stopped: 0.0001514 seconds, Stopping threads took: 0.0000192 seconds
2017-03-17T11:27:10.903+0500: 38.360: Total time for which application threads were stopped: 0.0001405 seconds, Stopping threads took: 0.0000162 seconds
2017-03-17T11:27:10.904+0500: 38.361: Total time for which application threads were stopped: 0.0005074 seconds, Stopping threads took: 0.0000156 seconds
2017-03-17T11:27:10.956+0500: 38.414: Total time for which application threads were stopped: 0.0014391 seconds, Stopping threads took: 0.0005532 seconds
2017-03-17T11:27:10.959+0500: 38.416: Total time for which application threads were stopped: 0.0023274 seconds, Stopping threads took: 0.0021176 seconds
2017-03-17T11:27:10.970+0500: 38.428: Total time for which application threads were stopped: 0.0032163 seconds, Stopping threads took: 0.0029811 seconds
2017-03-17T11:27:10.971+0500: 38.428: Total time for which application threads were stopped: 0.0002383 seconds, Stopping threads took: 0.0000299 seconds
2017-03-17T11:27:10.973+0500: 38.430: Total time for which application threads were stopped: 0.0002629 seconds, Stopping threads took: 0.0000464 seconds
2017-03-17T11:27:10.988+0500: 38.446: Total time for which application threads were stopped: 0.0042043 seconds, Stopping threads took: 0.0039802 seconds
2017-03-17T11:27:10.989+0500: 38.446: Total time for which application threads were stopped: 0.0002225 seconds, Stopping threads took: 0.0000447 seconds
2017-03-17T11:27:11.047+0500: 38.504: Total time for which application threads were stopped: 0.0093088 seconds, Stopping threads took: 0.0090911 seconds
2017-03-17T11:27:11.050+0500: 38.507: Total time for which application threads were stopped: 0.0019345 seconds, Stopping threads took: 0.0003794 seconds
2017-03-17T11:27:11.067+0500: 38.524: Total time for which application threads were stopped: 0.0002359 seconds, Stopping threads took: 0.0000545 seconds
2017-03-17T11:27:11.111+0500: 38.569: Total time for which application threads were stopped: 0.0091052 seconds, Stopping threads took: 0.0088953 seconds
2017-03-17T11:27:11.126+0500: 38.584: Total time for which application threads were stopped: 0.0042878 seconds, Stopping threads took: 0.0040934 seconds
2017-03-17T11:27:11.128+0500: 38.585: Total time for which application threads were stopped: 0.0002368 seconds, Stopping threads took: 0.0000438 seconds
2017-03-17T11:27:11.130+0500: 38.587: Total time for which application threads were stopped: 0.0002315 seconds, Stopping threads took: 0.0000408 seconds
2017-03-17T11:27:11.134+0500: 38.591: Total time for which application threads were stopped: 0.0003058 seconds, Stopping threads took: 0.0000378 seconds
2017-03-17T11:27:11.189+0500: 38.646: Total time for which application threads were stopped: 0.0010647 seconds, Stopping threads took: 0.0008678 seconds
2017-03-17T11:27:11.230+0500: 38.687: Total time for which application threads were stopped: 0.0096629 seconds, Stopping threads took: 0.0094571 seconds
2017-03-17T11:27:11.383+0500: 38.840: Total time for which application threads were stopped: 0.0196309 seconds, Stopping threads took: 0.0194159 seconds
2017-03-17T11:27:11.386+0500: 38.843: Total time for which application threads were stopped: 0.0004452 seconds, Stopping threads took: 0.0002766 seconds
2017-03-17T11:27:11.388+0500: 38.845: Total time for which application threads were stopped: 0.0002679 seconds, Stopping threads took: 0.0000757 seconds
2017-03-17T11:27:11.559+0500: 39.016: Total time for which application threads were stopped: 0.0139012 seconds, Stopping threads took: 0.0136860 seconds
{Heap before GC invocations=13 (full 1):
 par new generation   total 109248K, used 104429K [0x00000000e0000000, 0x00000000e8000000, 0x00000000e8000000)
  eden space 87424K,  99% used [0x00000000e0000000, 0x00000000e555a440, 0x00000000e5560000)
  from space 21824K,  78% used [0x00000000e6ab0000, 0x00000000e7b51180, 0x00000000e8000000)
  to   space 21824K,   0% used [0x00000000e5560000, 0x00000000e5560000, 0x00000000e6ab0000)
 concurrent mark-sweep generation total 393216K, used 10119K [0x00000000e8000000, 0x0000000100000000, 0x0000000100000000)
 Metaspace       used 37117K, capacity 37946K, committed 38236K, reserved 1083392K
  class space    used 4350K, capacity 4608K, committed 4728K, reserved 1048576K
2017-03-17T11:27:11.727+0500: 39.184: [GC (Allocation Failure) 2017-03-17T11:27:11.727+0500: 39.184: [ParNew
Desired survivor size 20112992 bytes, new threshold 8 (max 8)
- age   1:    6320056 bytes,    6320056 total
- age   2:     341024 bytes,    6661080 total
- age   3:      81976 bytes,    6743056 total
- age   4:      88984 bytes,    6832040 total
- age   5:     189664 bytes,    7021704 total
- age   6:    2633376 bytes,    9655080 total
- age   7:    1870016 bytes,   11525096 total
- age   8:     731384 bytes,   12256480 total
: 104429K->14125K(109248K), 0.1130786 secs] 114548K->24348K(502464K), 0.1132240 secs] [Times: user=0.09 sys=0.00, real=0.11 secs] 
Heap after GC invocations=14 (full 1):
 par new generation   total 109248K, used 14125K [0x00000000e0000000, 0x00000000e8000000, 0x00000000e8000000)
  eden space 87424K,   0% used [0x00000000e0000000, 0x00000000e0000000, 0x00000000e5560000)
  from space 21824K,  64% used [0x00000000e5560000, 0x00000000e632b420, 0x00000000e6ab0000)
  to   space 21824K,   0% used [0x00000000e6ab0000, 0x00000000e6ab0000, 0x00000000e8000000)
 concurrent mark-sweep generation total 393216K, used 10223K [0x00000000e8000000, 0x0000000100000000, 0x0000000100000000)
 Metaspace       used 37117K, capacity 37946K, committed 38236K, reserved 1083392K
  class space    used 4350K, capacity 4608K, committed 4728K, reserved 1048576K
}
2017-03-17T11:27:11.840+0500: 39.297: Total time for which application threads were stopped: 0.1242250 seconds, Stopping threads took: 0.0106720 seconds
2017-03-17T11:27:11.856+0500: 39.313: Total time for which application threads were stopped: 0.0031730 seconds, Stopping threads took: 0.0029535 seconds
2017-03-17T11:27:11.891+0500: 39.348: Total time for which application threads were stopped: 0.0049478 seconds, Stopping threads took: 0.0047807 seconds
{Heap before GC invocations=14 (full 1):
 par new generation   total 109248K, used 101549K [0x00000000e0000000, 0x00000000e8000000, 0x00000000e8000000)
  eden space 87424K, 100% used [0x00000000e0000000, 0x00000000e5560000, 0x00000000e5560000)
  from space 21824K,  64% used [0x00000000e5560000, 0x00000000e632b420, 0x00000000e6ab0000)
  to   space 21824K,   0% used [0x00000000e6ab0000, 0x00000000e6ab0000, 0x00000000e8000000)
 concurrent mark-sweep generation total 393216K, used 10223K [0x00000000e8000000, 0x0000000100000000, 0x0000000100000000)
 Metaspace       used 37127K, capacity 37952K, committed 38236K, reserved 1083392K
  class space    used 4351K, capacity 4609K, committed 4728K, reserved 1048576K
2017-03-17T11:27:12.334+0500: 39.791: [GC (Allocation Failure) 2017-03-17T11:27:12.337+0500: 39.794: [ParNew
Desired survivor size 20112992 bytes, new threshold 8 (max 8)
- age   1:     423368 bytes,     423368 total
- age   2:    5865624 bytes,    6288992 total
- age   3:     340296 bytes,    6629288 total
- age   4:      81976 bytes,    6711264 total
- age   5:      88984 bytes,    6800248 total
- age   6:     189664 bytes,    6989912 total
- age   7:    2576128 bytes,    9566040 total
- age   8:    1807176 bytes,   11373216 total
: 101549K->17956K(109248K), 0.1351350 secs] 111772K->28901K(502464K), 0.1375316 secs] [Times: user=0.08 sys=0.01, real=0.14 secs] 
Heap after GC invocations=15 (full 1):
 par new generation   total 109248K, used 17956K [0x00000000e0000000, 0x00000000e8000000, 0x00000000e8000000)
  eden space 87424K,   0% used [0x00000000e0000000, 0x00000000e0000000, 0x00000000e5560000)
  from space 21824K,  82% used [0x00000000e6ab0000, 0x00000000e7c39338, 0x00000000e8000000)
  to   space 21824K,   0% used [0x00000000e5560000, 0x00000000e5560000, 0x00000000e6ab0000)
 concurrent mark-sweep generation total 393216K, used 10945K [0x00000000e8000000, 0x0000000100000000, 0x0000000100000000)
 Metaspace       used 37127K, capacity 37952K, committed 38236K, reserved 1083392K
  class space    used 4351K, capacity 4609K, committed 4728K, reserved 1048576K
}
2017-03-17T11:27:12.472+0500: 39.929: Total time for which application threads were stopped: 0.1379710 seconds, Stopping threads took: 0.0000925 seconds
2017-03-17T11:27:12.486+0500: 39.943: Total time for which application threads were stopped: 0.0035059 seconds, Stopping threads took: 0.0033081 seconds
2017-03-17T11:27:13.204+0500: 40.661: Total time for which application threads were stopped: 0.0043436 seconds, Stopping threads took: 0.0041050 seconds
2017-03-17T11:27:13.204+0500: 40.661: Total time for which application threads were stopped: 0.0001340 seconds, Stopping threads took: 0.0000243 seconds
2017-03-17T11:27:13.204+0500: 40.661: Total time for which application threads were stopped: 0.0001029 seconds, Stopping threads took: 0.0000159 seconds
2017-03-17T11:27:13.204+0500: 40.661: Total time for which application threads were stopped: 0.0000927 seconds, Stopping threads took: 0.0000152 seconds
2017-03-17T11:27:13.204+0500: 40.661: Total time for which application threads were stopped: 0.0002085 seconds, Stopping threads took: 0.0000174 seconds
2017-03-17T11:27:13.205+0500: 40.662: Total time for which application threads were stopped: 0.0002000 seconds, Stopping threads took: 0.0000378 seconds
2017-03-17T11:27:13.205+0500: 40.662: Total time for which application threads were stopped: 0.0001121 seconds, Stopping threads took: 0.0000194 seconds
2017-03-17T11:27:13.249+0500: 40.706: Total time for which application threads were stopped: 0.0002395 seconds, Stopping threads took: 0.0000604 seconds
2017-03-17T11:27:13.249+0500: 40.706: Total time for which application threads were stopped: 0.0001325 seconds, Stopping threads took: 0.0000325 seconds
2017-03-17T11:27:13.249+0500: 40.706: Total time for which application threads were stopped: 0.0000903 seconds, Stopping threads took: 0.0000225 seconds
2017-03-17T11:27:13.249+0500: 40.706: Total time for which application threads were stopped: 0.0000871 seconds, Stopping threads took: 0.0000234 seconds
2017-03-17T11:27:13.249+0500: 40.707: Total time for which application threads were stopped: 0.0001080 seconds, Stopping threads took: 0.0000253 seconds
2017-03-17T11:27:13.250+0500: 40.707: Total time for which application threads were stopped: 0.0001472 seconds, Stopping threads took: 0.0000438 seconds
2017-03-17T11:27:13.250+0500: 40.707: Total time for which application threads were stopped: 0.0000895 seconds, Stopping threads took: 0.0000243 seconds
2017-03-17T11:27:13.250+0500: 40.707: Total time for which application threads were stopped: 0.0000909 seconds, Stopping threads took: 0.0000244 seconds
2017-03-17T11:27:13.250+0500: 40.707: Total time for which application threads were stopped: 0.0000868 seconds, Stopping threads took: 0.0000231 seconds
2017-03-17T11:27:13.250+0500: 40.707: Total time for which application threads were stopped: 0.0000868 seconds, Stopping threads took: 0.0000226 seconds
2017-03-17T11:27:13.250+0500: 40.707: Total time for which application threads were stopped: 0.0000852 seconds, Stopping threads took: 0.0000227 seconds
2017-03-17T11:27:13.250+0500: 40.707: Total time for which application threads were stopped: 0.0000873 seconds, Stopping threads took: 0.0000224 seconds
2017-03-17T11:27:13.250+0500: 40.708: Total time for which application threads were stopped: 0.0000873 seconds, Stopping threads took: 0.0000220 seconds
2017-03-17T11:27:13.251+0500: 40.708: Total time for which application threads were stopped: 0.0001738 seconds, Stopping threads took: 0.0000260 seconds
2017-03-17T11:27:13.251+0500: 40.708: Total time for which application threads were stopped: 0.0001301 seconds, Stopping threads took: 0.0000300 seconds
2017-03-17T11:27:13.251+0500: 40.708: Total time for which application threads were stopped: 0.0001106 seconds, Stopping threads took: 0.0000273 seconds
2017-03-17T11:27:13.251+0500: 40.708: Total time for which application threads were stopped: 0.0001962 seconds, Stopping threads took: 0.0000394 seconds
2017-03-17T11:27:13.251+0500: 40.709: Total time for which application threads were stopped: 0.0001646 seconds, Stopping threads took: 0.0000404 seconds
2017-03-17T11:27:13.252+0500: 40.709: Total time for which application threads were stopped: 0.0001048 seconds, Stopping threads took: 0.0000268 seconds
2017-03-17T11:27:13.252+0500: 40.709: Total time for which application threads were stopped: 0.0004523 seconds, Stopping threads took: 0.0000260 seconds
2017-03-17T11:27:13.271+0500: 40.728: Total time for which application threads were stopped: 0.0002836 seconds, Stopping threads took: 0.0001021 seconds
2017-03-17T11:27:13.271+0500: 40.728: Total time for which application threads were stopped: 0.0001441 seconds, Stopping threads took: 0.0000358 seconds
2017-03-17T11:27:13.308+0500: 40.765: Total time for which application threads were stopped: 0.0002366 seconds, Stopping threads took: 0.0000717 seconds
2017-03-17T11:27:13.319+0500: 40.776: Total time for which application threads were stopped: 0.0025423 seconds, Stopping threads took: 0.0023472 seconds
2017-03-17T11:27:13.347+0500: 40.804: Total time for which application threads were stopped: 0.0119778 seconds, Stopping threads took: 0.0117352 seconds
2017-03-17T11:27:14.347+0500: 41.804: Total time for which application threads were stopped: 0.0001641 seconds, Stopping threads took: 0.0000337 seconds
2017-03-17T11:27:15.348+0500: 42.805: Total time for which application threads were stopped: 0.0002162 seconds, Stopping threads took: 0.0000513 seconds
2017-03-17T11:27:19.349+0500: 46.806: Total time for which application threads were stopped: 0.0002263 seconds, Stopping threads took: 0.0000512 seconds
2017-03-17T11:27:34.352+0500: 61.809: Total time for which application threads were stopped: 0.0002787 seconds, Stopping threads took: 0.0001096 seconds
2017-03-17T11:27:45.138+0500: 72.596: Total time for which application threads were stopped: 0.0002221 seconds, Stopping threads took: 0.0000494 seconds
2017-03-17T11:27:45.139+0500: 72.596: Total time for which application threads were stopped: 0.0002001 seconds, Stopping threads took: 0.0000359 seconds
2017-03-17T11:27:45.140+0500: 72.597: Total time for which application threads were stopped: 0.0001968 seconds, Stopping threads took: 0.0000500 seconds
2017-03-17T11:27:45.141+0500: 72.598: Total time for which application threads were stopped: 0.0002735 seconds, Stopping threads took: 0.0000672 seconds
2017-03-17T11:27:54.143+0500: 81.600: Total time for which application threads were stopped: 0.0003097 seconds, Stopping threads took: 0.0000507 seconds
2017-03-17T11:28:01.144+0500: 88.601: Total time for which application threads were stopped: 0.0002348 seconds, Stopping threads took: 0.0000750 seconds
2017-03-17T11:28:10.147+0500: 97.604: Total time for which application threads were stopped: 0.0002523 seconds, Stopping threads took: 0.0000703 seconds
2017-03-17T11:28:20.148+0500: 107.605: Total time for which application threads were stopped: 0.0002020 seconds, Stopping threads took: 0.0000464 seconds
2017-03-17T11:28:22.148+0500: 109.605: Total time for which application threads were stopped: 0.0001879 seconds, Stopping threads took: 0.0000433 seconds
2017-03-17T11:28:26.149+0500: 113.606: Total time for which application threads were stopped: 0.0001812 seconds, Stopping threads took: 0.0000402 seconds
2017-03-17T11:28:27.149+0500: 114.606: Total time for which application threads were stopped: 0.0001838 seconds, Stopping threads took: 0.0000442 seconds
2017-03-17T11:28:37.151+0500: 124.608: Total time for which application threads were stopped: 0.0001927 seconds, Stopping threads took: 0.0000414 seconds
2017-03-17T11:28:38.151+0500: 125.608: Total time for which application threads were stopped: 0.0001679 seconds, Stopping threads took: 0.0000386 seconds
2017-03-17T11:28:40.151+0500: 127.608: Total time for which application threads were stopped: 0.0001684 seconds, Stopping threads took: 0.0000390 seconds
2017-03-17T11:28:41.152+0500: 128.609: Total time for which application threads were stopped: 0.0001839 seconds, Stopping threads took: 0.0000433 seconds
2017-03-17T11:28:44.152+0500: 131.609: Total time for which application threads were stopped: 0.0002073 seconds, Stopping threads took: 0.0000476 seconds
2017-03-17T11:28:49.088+0500: 136.545: Total time for which application threads were stopped: 0.0001949 seconds, Stopping threads took: 0.0000571 seconds
2017-03-17T11:28:49.125+0500: 136.582: Total time for which application threads were stopped: 0.0008405 seconds, Stopping threads took: 0.0000483 seconds
2017-03-17T11:28:49.141+0500: 136.598: Total time for which application threads were stopped: 0.0001916 seconds, Stopping threads took: 0.0000491 seconds
2017-03-17T11:28:49.567+0500: 137.025: Total time for which application threads were stopped: 0.0274253 seconds, Stopping threads took: 0.0271375 seconds
2017-03-17T11:28:49.568+0500: 137.025: Total time for which application threads were stopped: 0.0001579 seconds, Stopping threads took: 0.0000275 seconds
2017-03-17T11:28:49.591+0500: 137.048: Total time for which application threads were stopped: 0.0007305 seconds, Stopping threads took: 0.0005256 seconds
2017-03-17T11:28:49.594+0500: 137.051: Total time for which application threads were stopped: 0.0024572 seconds, Stopping threads took: 0.0022402 seconds
2017-03-17T11:28:49.595+0500: 137.052: Total time for which application threads were stopped: 0.0007711 seconds, Stopping threads took: 0.0000339 seconds
2017-03-17T11:28:49.603+0500: 137.060: Total time for which application threads were stopped: 0.0066834 seconds, Stopping threads took: 0.0064641 seconds
2017-03-17T11:28:49.609+0500: 137.066: Total time for which application threads were stopped: 0.0002575 seconds, Stopping threads took: 0.0000562 seconds
{Heap before GC invocations=15 (full 1):
 par new generation   total 109248K, used 105380K [0x00000000e0000000, 0x00000000e8000000, 0x00000000e8000000)
  eden space 87424K, 100% used [0x00000000e0000000, 0x00000000e5560000, 0x00000000e5560000)
  from space 21824K,  82% used [0x00000000e6ab0000, 0x00000000e7c39338, 0x00000000e8000000)
  to   space 21824K,   0% used [0x00000000e5560000, 0x00000000e5560000, 0x00000000e6ab0000)
 concurrent mark-sweep generation total 393216K, used 10945K [0x00000000e8000000, 0x0000000100000000, 0x0000000100000000)
 Metaspace       used 38068K, capacity 38992K, committed 39132K, reserved 1083392K
  class space    used 4462K, capacity 4729K, committed 4856K, reserved 1048576K
2017-03-17T11:28:49.613+0500: 137.070: [GC (Allocation Failure) 2017-03-17T11:28:49.613+0500: 137.071: [ParNew
Desired survivor size 20112992 bytes, new threshold 8 (max 8)
- age   1:    4697304 bytes,    4697304 total
- age   2:      75192 bytes,    4772496 total
- age   3:    3363736 bytes,    8136232 total
- age   4:     340048 bytes,    8476280 total
- age   5:      81760 bytes,    8558040 total
- age   6:      88984 bytes,    8647024 total
- age   7:     189664 bytes,    8836688 total
- age   8:    2485920 bytes,   11322608 total
: 105380K->14690K(109248K), 0.1974606 secs] 116325K->27437K(502464K), 0.1975981 secs] [Times: user=0.07 sys=0.01, real=0.20 secs] 
Heap after GC invocations=16 (full 1):
 par new generation   total 109248K, used 14690K [0x00000000e0000000, 0x00000000e8000000, 0x00000000e8000000)
  eden space 87424K,   0% used [0x00000000e0000000, 0x00000000e0000000, 0x00000000e5560000)
  from space 21824K,  67% used [0x00000000e5560000, 0x00000000e63b88f8, 0x00000000e6ab0000)
  to   space 21824K,   0% used [0x00000000e6ab0000, 0x00000000e6ab0000, 0x00000000e8000000)
 concurrent mark-sweep generation total 393216K, used 12746K [0x00000000e8000000, 0x0000000100000000, 0x0000000100000000)
 Metaspace       used 38068K, capacity 38992K, committed 39132K, reserved 1083392K
  class space    used 4462K, capacity 4729K, committed 4856K, reserved 1048576K
}
2017-03-17T11:28:49.811+0500: 137.268: Total time for which application threads were stopped: 0.1979666 seconds, Stopping threads took: 0.0000620 seconds
2017-03-17T11:28:49.862+0500: 137.319: Total time for which application threads were stopped: 0.0036314 seconds, Stopping threads took: 0.0033376 seconds
2017-03-17T11:28:50.023+0500: 137.480: Total time for which application threads were stopped: 0.0103929 seconds, Stopping threads took: 0.0101995 seconds
2017-03-17T11:28:50.260+0500: 137.717: Total time for which application threads were stopped: 0.0069113 seconds, Stopping threads took: 0.0059671 seconds
2017-03-17T11:28:50.267+0500: 137.724: Total time for which application threads were stopped: 0.0031630 seconds, Stopping threads took: 0.0022879 seconds
{Heap before GC invocations=16 (full 1):
 par new generation   total 109248K, used 102110K [0x00000000e0000000, 0x00000000e8000000, 0x00000000e8000000)
  eden space 87424K,  99% used [0x00000000e0000000, 0x00000000e555f1e8, 0x00000000e5560000)
  from space 21824K,  67% used [0x00000000e5560000, 0x00000000e63b88f8, 0x00000000e6ab0000)
  to   space 21824K,   0% used [0x00000000e6ab0000, 0x00000000e6ab0000, 0x00000000e8000000)
 concurrent mark-sweep generation total 393216K, used 12746K [0x00000000e8000000, 0x0000000100000000, 0x0000000100000000)
 Metaspace       used 38340K, capacity 39260K, committed 39388K, reserved 1083392K
  class space    used 4489K, capacity 4731K, committed 4856K, reserved 1048576K
2017-03-17T11:28:50.268+0500: 137.725: [GC (Allocation Failure) 2017-03-17T11:28:50.268+0500: 137.725: [ParNew
Desired survivor size 20112992 bytes, new threshold 8 (max 8)
- age   1:    2836576 bytes,    2836576 total
- age   2:    3939976 bytes,    6776552 total
- age   3:      75192 bytes,    6851744 total
- age   4:    3051096 bytes,    9902840 total
- age   5:      94496 bytes,    9997336 total
- age   6:      43712 bytes,   10041048 total
- age   7:      48368 bytes,   10089416 total
- age   8:     100328 bytes,   10189744 total
: 102110K->13139K(109248K), 0.1275075 secs] 114857K->27913K(502464K), 0.1276493 secs] [Times: user=0.08 sys=0.01, real=0.13 secs] 
Heap after GC invocations=17 (full 1):
 par new generation   total 109248K, used 13139K [0x00000000e0000000, 0x00000000e8000000, 0x00000000e8000000)
  eden space 87424K,   0% used [0x00000000e0000000, 0x00000000e0000000, 0x00000000e5560000)
  from space 21824K,  60% used [0x00000000e6ab0000, 0x00000000e7784f90, 0x00000000e8000000)
  to   space 21824K,   0% used [0x00000000e5560000, 0x00000000e5560000, 0x00000000e6ab0000)
 concurrent mark-sweep generation total 393216K, used 14774K [0x00000000e8000000, 0x0000000100000000, 0x0000000100000000)
 Metaspace       used 38340K, capacity 39260K, committed 39388K, reserved 1083392K
  class space    used 4489K, capacity 4731K, committed 4856K, reserved 1048576K
}
2017-03-17T11:28:50.396+0500: 137.853: Total time for which application threads were stopped: 0.1279923 seconds, Stopping threads took: 0.0000397 seconds
2017-03-17T11:28:50.430+0500: 137.887: Total time for which application threads were stopped: 0.0113537 seconds, Stopping threads took: 0.0111716 seconds
2017-03-17T11:28:50.457+0500: 137.914: Total time for which application threads were stopped: 0.0142468 seconds, Stopping threads took: 0.0133670 seconds
2017-03-17T11:28:50.496+0500: 137.953: Total time for which application threads were stopped: 0.0271454 seconds, Stopping threads took: 0.0259033 seconds
2017-03-17T11:28:50.504+0500: 137.961: Total time for which application threads were stopped: 0.0018056 seconds, Stopping threads took: 0.0008708 seconds
{Heap before GC invocations=17 (full 1):
 par new generation   total 109248K, used 100563K [0x00000000e0000000, 0x00000000e8000000, 0x00000000e8000000)
  eden space 87424K, 100% used [0x00000000e0000000, 0x00000000e5560000, 0x00000000e5560000)
  from space 21824K,  60% used [0x00000000e6ab0000, 0x00000000e7784f90, 0x00000000e8000000)
  to   space 21824K,   0% used [0x00000000e5560000, 0x00000000e5560000, 0x00000000e6ab0000)
 concurrent mark-sweep generation total 393216K, used 14774K [0x00000000e8000000, 0x0000000100000000, 0x0000000100000000)
 Metaspace       used 38539K, capacity 39432K, committed 39644K, reserved 1083392K
  class space    used 4507K, capacity 4765K, committed 4856K, reserved 1048576K
2017-03-17T11:28:51.431+0500: 138.888: [GC (Allocation Failure) 2017-03-17T11:28:51.431+0500: 138.888: [ParNew
Desired survivor size 20112992 bytes, new threshold 8 (max 8)
- age   1:     727104 bytes,     727104 total
- age   2:    2542824 bytes,    3269928 total
- age   3:    3906728 bytes,    7176656 total
- age   4:      75192 bytes,    7251848 total
- age   5:    3050424 bytes,   10302272 total
- age   6:      94496 bytes,   10396768 total
- age   7:      43712 bytes,   10440480 total
- age   8:      48368 bytes,   10488848 total
: 100563K->11819K(109248K), 0.1548000 secs] 115337K->26692K(502464K), 0.1549332 secs] [Times: user=0.07 sys=0.00, real=0.15 secs] 
Heap after GC invocations=18 (full 1):
 par new generation   total 109248K, used 11819K [0x00000000e0000000, 0x00000000e8000000, 0x00000000e8000000)
  eden space 87424K,   0% used [0x00000000e0000000, 0x00000000e0000000, 0x00000000e5560000)
  from space 21824K,  54% used [0x00000000e5560000, 0x00000000e60eaea0, 0x00000000e6ab0000)
  to   space 21824K,   0% used [0x00000000e6ab0000, 0x00000000e6ab0000, 0x00000000e8000000)
 concurrent mark-sweep generation total 393216K, used 14873K [0x00000000e8000000, 0x0000000100000000, 0x0000000100000000)
 Metaspace       used 38539K, capacity 39432K, committed 39644K, reserved 1083392K
  class space    used 4507K, capacity 4765K, committed 4856K, reserved 1048576K
}
2017-03-17T11:28:51.586+0500: 139.043: Total time for which application threads were stopped: 0.1553453 seconds, Stopping threads took: 0.0000539 seconds
2017-03-17T11:28:52.297+0500: 139.754: Total time for which application threads were stopped: 0.0081454 seconds, Stopping threads took: 0.0079073 seconds
2017-03-17T11:28:52.386+0500: 139.844: Total time for which application threads were stopped: 0.0009969 seconds, Stopping threads took: 0.0007671 seconds
2017-03-17T11:28:52.453+0500: 139.910: Total time for which application threads were stopped: 0.0097805 seconds, Stopping threads took: 0.0094626 seconds
{Heap before GC invocations=18 (full 1):
 par new generation   total 109248K, used 99243K [0x00000000e0000000, 0x00000000e8000000, 0x00000000e8000000)
  eden space 87424K, 100% used [0x00000000e0000000, 0x00000000e5560000, 0x00000000e5560000)
  from space 21824K,  54% used [0x00000000e5560000, 0x00000000e60eaea0, 0x00000000e6ab0000)
  to   space 21824K,   0% used [0x00000000e6ab0000, 0x00000000e6ab0000, 0x00000000e8000000)
 concurrent mark-sweep generation total 393216K, used 14873K [0x00000000e8000000, 0x0000000100000000, 0x0000000100000000)
 Metaspace       used 38548K, capacity 39432K, committed 39644K, reserved 1083392K
  class space    used 4507K, capacity 4765K, committed 4856K, reserved 1048576K
2017-03-17T11:28:52.608+0500: 140.065: [GC (Allocation Failure) 2017-03-17T11:28:52.608+0500: 140.065: [ParNew
Desired survivor size 20112992 bytes, new threshold 8 (max 8)
- age   1:     316952 bytes,     316952 total
- age   2:     511232 bytes,     828184 total
- age   3:    2542552 bytes,    3370736 total
- age   4:    3906416 bytes,    7277152 total
- age   5:      75192 bytes,    7352344 total
- age   6:    3050424 bytes,   10402768 total
- age   7:      94496 bytes,   10497264 total
- age   8:      43712 bytes,   10540976 total
: 99243K->14639K(109248K), 0.0909447 secs] 114116K->29561K(502464K), 0.0910643 secs] [Times: user=0.06 sys=0.00, real=0.09 secs] 
Heap after GC invocations=19 (full 1):
 par new generation   total 109248K, used 14639K [0x00000000e0000000, 0x00000000e8000000, 0x00000000e8000000)
  eden space 87424K,   0% used [0x00000000e0000000, 0x00000000e0000000, 0x00000000e5560000)
  from space 21824K,  67% used [0x00000000e6ab0000, 0x00000000e78fbcc0, 0x00000000e8000000)
  to   space 21824K,   0% used [0x00000000e5560000, 0x00000000e5560000, 0x00000000e6ab0000)
 concurrent mark-sweep generation total 393216K, used 14921K [0x00000000e8000000, 0x0000000100000000, 0x0000000100000000)
 Metaspace       used 38548K, capacity 39432K, committed 39644K, reserved 1083392K
  class space    used 4507K, capacity 4765K, committed 4856K, reserved 1048576K
}
2017-03-17T11:28:52.699+0500: 140.156: Total time for which application threads were stopped: 0.1339446 seconds, Stopping threads took: 0.0425765 seconds
2017-03-17T11:28:52.927+0500: 140.385: Total time for which application threads were stopped: 0.0002377 seconds, Stopping threads took: 0.0000551 seconds
2017-03-17T11:28:52.954+0500: 140.412: Total time for which application threads were stopped: 0.0002038 seconds, Stopping threads took: 0.0000516 seconds
2017-03-17T11:28:53.108+0500: 140.565: Total time for which application threads were stopped: 0.0002544 seconds, Stopping threads took: 0.0000502 seconds
2017-03-17T11:28:53.115+0500: 140.572: Total time for which application threads were stopped: 0.0002017 seconds, Stopping threads took: 0.0000418 seconds
2017-03-17T11:28:53.123+0500: 140.580: Total time for which application threads were stopped: 0.0001849 seconds, Stopping threads took: 0.0000503 seconds
2017-03-17T11:28:53.123+0500: 140.581: Total time for which application threads were stopped: 0.0001809 seconds, Stopping threads took: 0.0000318 seconds
2017-03-17T11:28:53.143+0500: 140.600: Total time for which application threads were stopped: 0.0002537 seconds, Stopping threads took: 0.0000671 seconds
2017-03-17T11:28:53.281+0500: 140.738: Total time for which application threads were stopped: 0.0002518 seconds, Stopping threads took: 0.0000483 seconds
2017-03-17T11:28:53.306+0500: 140.763: Total time for which application threads were stopped: 0.0062824 seconds, Stopping threads took: 0.0061045 seconds
2017-03-17T11:28:53.308+0500: 140.765: Total time for which application threads were stopped: 0.0002334 seconds, Stopping threads took: 0.0000455 seconds
2017-03-17T11:28:53.502+0500: 140.960: Total time for which application threads were stopped: 0.0003230 seconds, Stopping threads took: 0.0000625 seconds
2017-03-17T11:28:53.504+0500: 140.961: Total time for which application threads were stopped: 0.0001956 seconds, Stopping threads took: 0.0000376 seconds
2017-03-17T11:28:53.505+0500: 140.962: Total time for which application threads were stopped: 0.0002403 seconds, Stopping threads took: 0.0000564 seconds
2017-03-17T11:28:53.515+0500: 140.972: Total time for which application threads were stopped: 0.0002346 seconds, Stopping threads took: 0.0000440 seconds
2017-03-17T11:28:53.523+0500: 140.980: Total time for which application threads were stopped: 0.0002350 seconds, Stopping threads took: 0.0000427 seconds
2017-03-17T11:28:53.523+0500: 140.980: Total time for which application threads were stopped: 0.0001411 seconds, Stopping threads took: 0.0000180 seconds
2017-03-17T11:28:53.524+0500: 140.981: Total time for which application threads were stopped: 0.0001631 seconds, Stopping threads took: 0.0000233 seconds
2017-03-17T11:28:53.524+0500: 140.981: Total time for which application threads were stopped: 0.0001737 seconds, Stopping threads took: 0.0000325 seconds
2017-03-17T11:28:53.529+0500: 140.986: Total time for which application threads were stopped: 0.0002646 seconds, Stopping threads took: 0.0000571 seconds
2017-03-17T11:28:53.551+0500: 141.008: Total time for which application threads were stopped: 0.0037696 seconds, Stopping threads took: 0.0034892 seconds
2017-03-17T11:28:53.568+0500: 141.025: Total time for which application threads were stopped: 0.0096169 seconds, Stopping threads took: 0.0093211 seconds
2017-03-17T11:28:53.569+0500: 141.026: Total time for which application threads were stopped: 0.0003206 seconds, Stopping threads took: 0.0000563 seconds
2017-03-17T11:28:53.569+0500: 141.027: Total time for which application threads were stopped: 0.0002288 seconds, Stopping threads took: 0.0000191 seconds
2017-03-17T11:28:53.570+0500: 141.027: Total time for which application threads were stopped: 0.0002268 seconds, Stopping threads took: 0.0000357 seconds
2017-03-17T11:28:53.571+0500: 141.028: Total time for which application threads were stopped: 0.0002098 seconds, Stopping threads took: 0.0000222 seconds
2017-03-17T11:28:53.578+0500: 141.035: Total time for which application threads were stopped: 0.0002429 seconds, Stopping threads took: 0.0000417 seconds
2017-03-17T11:28:53.610+0500: 141.067: Total time for which application threads were stopped: 0.0208989 seconds, Stopping threads took: 0.0050036 seconds
2017-03-17T11:28:53.615+0500: 141.072: Total time for which application threads were stopped: 0.0002389 seconds, Stopping threads took: 0.0000411 seconds
2017-03-17T11:28:53.745+0500: 141.202: Total time for which application threads were stopped: 0.0002747 seconds, Stopping threads took: 0.0000458 seconds
2017-03-17T11:28:53.747+0500: 141.205: Total time for which application threads were stopped: 0.0024648 seconds, Stopping threads took: 0.0022759 seconds
2017-03-17T11:28:53.779+0500: 141.236: Total time for which application threads were stopped: 0.0046008 seconds, Stopping threads took: 0.0043808 seconds
2017-03-17T11:28:53.923+0500: 141.380: Total time for which application threads were stopped: 0.0002712 seconds, Stopping threads took: 0.0000680 seconds
2017-03-17T11:28:54.059+0500: 141.517: Total time for which application threads were stopped: 0.0008061 seconds, Stopping threads took: 0.0000526 seconds
2017-03-17T11:28:54.071+0500: 141.529: Total time for which application threads were stopped: 0.0059768 seconds, Stopping threads took: 0.0057472 seconds
2017-03-17T11:28:54.076+0500: 141.533: Total time for which application threads were stopped: 0.0001961 seconds, Stopping threads took: 0.0000354 seconds
2017-03-17T11:28:54.079+0500: 141.536: Total time for which application threads were stopped: 0.0002239 seconds, Stopping threads took: 0.0000608 seconds
2017-03-17T11:28:54.096+0500: 141.553: Total time for which application threads were stopped: 0.0048040 seconds, Stopping threads took: 0.0038530 seconds
2017-03-17T11:28:54.180+0500: 141.637: Total time for which application threads were stopped: 0.0019845 seconds, Stopping threads took: 0.0010651 seconds
2017-03-17T11:28:54.321+0500: 141.779: Total time for which application threads were stopped: 0.0143345 seconds, Stopping threads took: 0.0141340 seconds
2017-03-17T11:28:54.334+0500: 141.791: Total time for which application threads were stopped: 0.0002850 seconds, Stopping threads took: 0.0000654 seconds
2017-03-17T11:28:54.334+0500: 141.791: Total time for which application threads were stopped: 0.0001769 seconds, Stopping threads took: 0.0000362 seconds
2017-03-17T11:28:54.338+0500: 141.795: Total time for which application threads were stopped: 0.0002593 seconds, Stopping threads took: 0.0000664 seconds
2017-03-17T11:28:54.347+0500: 141.804: Total time for which application threads were stopped: 0.0002364 seconds, Stopping threads took: 0.0000423 seconds
2017-03-17T11:28:54.348+0500: 141.805: Total time for which application threads were stopped: 0.0001652 seconds, Stopping threads took: 0.0000316 seconds
2017-03-17T11:28:54.348+0500: 141.805: Total time for which application threads were stopped: 0.0001465 seconds, Stopping threads took: 0.0000340 seconds
2017-03-17T11:28:54.355+0500: 141.812: Total time for which application threads were stopped: 0.0002627 seconds, Stopping threads took: 0.0000548 seconds
2017-03-17T11:28:54.355+0500: 141.812: Total time for which application threads were stopped: 0.0001368 seconds, Stopping threads took: 0.0000183 seconds
2017-03-17T11:28:54.355+0500: 141.813: Total time for which application threads were stopped: 0.0001559 seconds, Stopping threads took: 0.0000275 seconds
2017-03-17T11:28:55.356+0500: 142.813: Total time for which application threads were stopped: 0.0002123 seconds, Stopping threads took: 0.0000461 seconds
2017-03-17T11:29:30.363+0500: 177.820: Total time for which application threads were stopped: 0.0001944 seconds, Stopping threads took: 0.0000421 seconds
2017-03-17T11:29:35.145+0500: 182.602: Total time for which application threads were stopped: 0.0002013 seconds, Stopping threads took: 0.0000505 seconds
2017-03-17T11:29:38.146+0500: 185.603: Total time for which application threads were stopped: 0.0001812 seconds, Stopping threads took: 0.0000421 seconds
2017-03-17T11:29:48.147+0500: 195.604: Total time for which application threads were stopped: 0.0001893 seconds, Stopping threads took: 0.0000455 seconds
2017-03-17T11:30:02.149+0500: 209.606: Total time for which application threads were stopped: 0.0001948 seconds, Stopping threads took: 0.0000399 seconds
2017-03-17T11:30:07.150+0500: 214.607: Total time for which application threads were stopped: 0.0001686 seconds, Stopping threads took: 0.0000378 seconds
2017-03-17T11:30:50.167+0500: 257.624: Total time for which application threads were stopped: 0.0001999 seconds, Stopping threads took: 0.0000419 seconds
2017-03-17T11:30:52.167+0500: 259.624: Total time for which application threads were stopped: 0.0001964 seconds, Stopping threads took: 0.0000421 seconds
2017-03-17T11:31:28.173+0500: 295.630: Total time for which application threads were stopped: 0.0002126 seconds, Stopping threads took: 0.0000813 seconds
2017-03-17T11:31:44.176+0500: 311.633: Total time for which application threads were stopped: 0.0002176 seconds, Stopping threads took: 0.0000487 seconds
2017-03-17T11:32:58.189+0500: 385.646: Total time for which application threads were stopped: 0.0002791 seconds, Stopping threads took: 0.0001079 seconds
2017-03-17T11:33:11.191+0500: 398.648: Total time for which application threads were stopped: 0.0001773 seconds, Stopping threads took: 0.0000428 seconds
2017-03-17T11:33:13.191+0500: 400.648: Total time for which application threads were stopped: 0.0002686 seconds, Stopping threads took: 0.0000632 seconds
2017-03-17T11:33:14.192+0500: 401.649: Total time for which application threads were stopped: 0.0002090 seconds, Stopping threads took: 0.0000557 seconds
2017-03-17T11:33:16.192+0500: 403.649: Total time for which application threads were stopped: 0.0001719 seconds, Stopping threads took: 0.0000404 seconds
2017-03-17T11:33:16.940+0500: 404.397: Total time for which application threads were stopped: 0.0011959 seconds, Stopping threads took: 0.0009517 seconds
2017-03-17T11:33:16.948+0500: 404.405: Total time for which application threads were stopped: 0.0003094 seconds, Stopping threads took: 0.0000953 seconds
2017-03-17T11:33:16.959+0500: 404.416: Total time for which application threads were stopped: 0.0002772 seconds, Stopping threads took: 0.0000871 seconds
2017-03-17T11:33:16.965+0500: 404.422: Total time for which application threads were stopped: 0.0057955 seconds, Stopping threads took: 0.0056200 seconds
2017-03-17T11:33:16.965+0500: 404.423: Total time for which application threads were stopped: 0.0001827 seconds, Stopping threads took: 0.0000379 seconds
2017-03-17T11:33:16.966+0500: 404.423: Total time for which application threads were stopped: 0.0001379 seconds, Stopping threads took: 0.0000197 seconds
2017-03-17T11:33:16.967+0500: 404.424: Total time for which application threads were stopped: 0.0001808 seconds, Stopping threads took: 0.0000385 seconds
2017-03-17T11:33:16.967+0500: 404.424: Total time for which application threads were stopped: 0.0001361 seconds, Stopping threads took: 0.0000246 seconds
2017-03-17T11:33:16.968+0500: 404.425: Total time for which application threads were stopped: 0.0008627 seconds, Stopping threads took: 0.0007039 seconds
2017-03-17T11:33:16.969+0500: 404.426: Total time for which application threads were stopped: 0.0009702 seconds, Stopping threads took: 0.0008011 seconds
2017-03-17T11:33:16.970+0500: 404.427: Total time for which application threads were stopped: 0.0002024 seconds, Stopping threads took: 0.0000302 seconds
2017-03-17T11:33:16.970+0500: 404.427: Total time for which application threads were stopped: 0.0001648 seconds, Stopping threads took: 0.0000408 seconds
2017-03-17T11:33:16.975+0500: 404.432: Total time for which application threads were stopped: 0.0047153 seconds, Stopping threads took: 0.0045487 seconds
2017-03-17T11:33:16.975+0500: 404.432: Total time for which application threads were stopped: 0.0001594 seconds, Stopping threads took: 0.0000369 seconds
2017-03-17T11:33:16.977+0500: 404.434: Total time for which application threads were stopped: 0.0003114 seconds, Stopping threads took: 0.0000499 seconds
2017-03-17T11:33:16.978+0500: 404.435: Total time for which application threads were stopped: 0.0001708 seconds, Stopping threads took: 0.0000269 seconds
2017-03-17T11:33:16.990+0500: 404.447: Total time for which application threads were stopped: 0.0062215 seconds, Stopping threads took: 0.0060377 seconds
2017-03-17T11:33:16.998+0500: 404.455: Total time for which application threads were stopped: 0.0002055 seconds, Stopping threads took: 0.0000385 seconds
2017-03-17T11:33:16.998+0500: 404.455: Total time for which application threads were stopped: 0.0001645 seconds, Stopping threads took: 0.0000236 seconds
2017-03-17T11:33:17.998+0500: 405.455: Total time for which application threads were stopped: 0.0002753 seconds, Stopping threads took: 0.0000464 seconds
2017-03-17T11:33:32.001+0500: 419.458: Total time for which application threads were stopped: 0.0002148 seconds, Stopping threads took: 0.0001027 seconds
2017-03-17T11:33:33.282+0500: 420.739: Total time for which application threads were stopped: 0.0060565 seconds, Stopping threads took: 0.0058431 seconds
2017-03-17T11:33:33.282+0500: 420.739: Total time for which application threads were stopped: 0.0001788 seconds, Stopping threads took: 0.0000221 seconds
2017-03-17T11:33:33.294+0500: 420.751: Total time for which application threads were stopped: 0.0002519 seconds, Stopping threads took: 0.0000441 seconds
2017-03-17T11:33:33.295+0500: 420.752: Total time for which application threads were stopped: 0.0002091 seconds, Stopping threads took: 0.0000396 seconds
2017-03-17T11:33:33.295+0500: 420.753: Total time for which application threads were stopped: 0.0001859 seconds, Stopping threads took: 0.0000255 seconds
2017-03-17T11:33:33.296+0500: 420.753: Total time for which application threads were stopped: 0.0001678 seconds, Stopping threads took: 0.0000169 seconds
2017-03-17T11:33:33.296+0500: 420.753: Total time for which application threads were stopped: 0.0001528 seconds, Stopping threads took: 0.0000335 seconds
2017-03-17T11:33:33.304+0500: 420.761: Total time for which application threads were stopped: 0.0007163 seconds, Stopping threads took: 0.0005392 seconds
2017-03-17T11:33:33.307+0500: 420.764: Total time for which application threads were stopped: 0.0002002 seconds, Stopping threads took: 0.0000385 seconds
2017-03-17T11:33:33.308+0500: 420.765: Total time for which application threads were stopped: 0.0002328 seconds, Stopping threads took: 0.0000550 seconds
2017-03-17T11:33:33.308+0500: 420.765: Total time for which application threads were stopped: 0.0001440 seconds, Stopping threads took: 0.0000290 seconds
2017-03-17T11:33:34.308+0500: 421.765: Total time for which application threads were stopped: 0.0002233 seconds, Stopping threads took: 0.0000514 seconds
2017-03-17T11:33:37.756+0500: 425.213: Total time for which application threads were stopped: 0.0008877 seconds, Stopping threads took: 0.0006793 seconds
2017-03-17T11:33:37.756+0500: 425.213: Total time for which application threads were stopped: 0.0001736 seconds, Stopping threads took: 0.0000257 seconds
2017-03-17T11:33:37.756+0500: 425.213: Total time for which application threads were stopped: 0.0001427 seconds, Stopping threads took: 0.0000169 seconds
2017-03-17T11:33:37.766+0500: 425.223: Total time for which application threads were stopped: 0.0068811 seconds, Stopping threads took: 0.0067188 seconds
2017-03-17T11:33:37.773+0500: 425.231: Total time for which application threads were stopped: 0.0007316 seconds, Stopping threads took: 0.0005449 seconds
2017-03-17T11:33:37.806+0500: 425.263: Total time for which application threads were stopped: 0.0021906 seconds, Stopping threads took: 0.0020083 seconds
2017-03-17T11:33:37.807+0500: 425.264: Total time for which application threads were stopped: 0.0010282 seconds, Stopping threads took: 0.0008515 seconds
2017-03-17T11:33:38.807+0500: 426.264: Total time for which application threads were stopped: 0.0002476 seconds, Stopping threads took: 0.0000472 seconds
2017-03-17T11:33:41.060+0500: 428.517: Total time for which application threads were stopped: 0.0002171 seconds, Stopping threads took: 0.0000402 seconds
2017-03-17T11:33:41.060+0500: 428.517: Total time for which application threads were stopped: 0.0001319 seconds, Stopping threads took: 0.0000182 seconds
2017-03-17T11:33:41.079+0500: 428.536: Total time for which application threads were stopped: 0.0001731 seconds, Stopping threads took: 0.0000334 seconds
2017-03-17T11:33:41.079+0500: 428.537: Total time for which application threads were stopped: 0.0000834 seconds, Stopping threads took: 0.0000128 seconds
2017-03-17T11:33:44.738+0500: 432.195: Total time for which application threads were stopped: 0.0008661 seconds, Stopping threads took: 0.0000488 seconds
2017-03-17T11:33:44.746+0500: 432.203: Total time for which application threads were stopped: 0.0002013 seconds, Stopping threads took: 0.0000561 seconds
2017-03-17T11:33:44.748+0500: 432.205: Total time for which application threads were stopped: 0.0002255 seconds, Stopping threads took: 0.0000859 seconds
2017-03-17T11:33:44.768+0500: 432.225: Total time for which application threads were stopped: 0.0002558 seconds, Stopping threads took: 0.0000878 seconds
2017-03-17T11:33:44.801+0500: 432.258: Total time for which application threads were stopped: 0.0042227 seconds, Stopping threads took: 0.0040449 seconds
2017-03-17T11:33:44.824+0500: 432.281: Total time for which application threads were stopped: 0.0002924 seconds, Stopping threads took: 0.0000826 seconds
2017-03-17T11:33:44.824+0500: 432.281: Total time for which application threads were stopped: 0.0002711 seconds, Stopping threads took: 0.0000985 seconds
2017-03-17T11:33:44.825+0500: 432.282: Total time for which application threads were stopped: 0.0003652 seconds, Stopping threads took: 0.0001610 seconds
2017-03-17T11:33:44.826+0500: 432.283: Total time for which application threads were stopped: 0.0002712 seconds, Stopping threads took: 0.0000590 seconds
2017-03-17T11:33:45.826+0500: 433.284: Total time for which application threads were stopped: 0.0001965 seconds, Stopping threads took: 0.0000427 seconds
2017-03-17T11:34:01.830+0500: 449.287: Total time for which application threads were stopped: 0.0001924 seconds, Stopping threads took: 0.0000418 seconds
2017-03-17T11:34:10.832+0500: 458.289: Total time for which application threads were stopped: 0.0002154 seconds, Stopping threads took: 0.0000470 seconds
2017-03-17T11:34:25.172+0500: 472.629: Total time for which application threads were stopped: 0.0003537 seconds, Stopping threads took: 0.0000935 seconds
2017-03-17T11:34:25.173+0500: 472.630: Total time for which application threads were stopped: 0.0002659 seconds, Stopping threads took: 0.0000913 seconds
2017-03-17T11:34:26.173+0500: 473.630: Total time for which application threads were stopped: 0.0001860 seconds, Stopping threads took: 0.0000417 seconds
2017-03-17T11:35:36.191+0500: 543.648: Total time for which application threads were stopped: 0.0002283 seconds, Stopping threads took: 0.0000474 seconds
2017-03-17T11:35:40.192+0500: 547.649: Total time for which application threads were stopped: 0.0002134 seconds, Stopping threads took: 0.0000459 seconds
2017-03-17T11:36:00.197+0500: 567.654: Total time for which application threads were stopped: 0.0002575 seconds, Stopping threads took: 0.0000582 seconds
2017-03-17T11:38:14.224+0500: 701.681: Total time for which application threads were stopped: 0.0002333 seconds, Stopping threads took: 0.0000498 seconds
2017-03-17T11:40:26.250+0500: 833.708: Total time for which application threads were stopped: 0.0002387 seconds, Stopping threads took: 0.0000507 seconds
2017-03-17T11:40:30.252+0500: 837.709: Total time for which application threads were stopped: 0.0002915 seconds, Stopping threads took: 0.0001080 seconds
2017-03-17T11:40:34.253+0500: 841.710: Total time for which application threads were stopped: 0.0002295 seconds, Stopping threads took: 0.0000492 seconds
2017-03-17T11:41:52.282+0500: 919.739: Total time for which application threads were stopped: 0.0001698 seconds, Stopping threads took: 0.0000371 seconds
2017-03-17T11:41:58.283+0500: 925.741: Total time for which application threads were stopped: 0.0002806 seconds, Stopping threads took: 0.0001092 seconds
2017-03-17T11:43:00.295+0500: 987.752: Total time for which application threads were stopped: 0.0002279 seconds, Stopping threads took: 0.0000464 seconds
2017-03-17T11:43:04.296+0500: 991.753: Total time for which application threads were stopped: 0.0001821 seconds, Stopping threads took: 0.0000424 seconds
2017-03-17T11:43:54.305+0500: 1041.762: Total time for which application threads were stopped: 0.0002794 seconds, Stopping threads took: 0.0000504 seconds
2017-03-17T11:43:56.306+0500: 1043.763: Total time for which application threads were stopped: 0.0002749 seconds, Stopping threads took: 0.0001069 seconds
2017-03-17T11:44:04.308+0500: 1051.765: Total time for which application threads were stopped: 0.0002177 seconds, Stopping threads took: 0.0000491 seconds
2017-03-17T11:44:06.308+0500: 1053.765: Total time for which application threads were stopped: 0.0002787 seconds, Stopping threads took: 0.0001086 seconds
2017-03-17T11:44:24.312+0500: 1071.769: Total time for which application threads were stopped: 0.0002982 seconds, Stopping threads took: 0.0000671 seconds
2017-03-17T11:44:26.313+0500: 1073.770: Total time for which application threads were stopped: 0.0002173 seconds, Stopping threads took: 0.0000490 seconds
2017-03-17T11:44:34.315+0500: 1081.772: Total time for which application threads were stopped: 0.0002361 seconds, Stopping threads took: 0.0000460 seconds
2017-03-17T11:45:30.326+0500: 1137.783: Total time for which application threads were stopped: 0.0002857 seconds, Stopping threads took: 0.0001071 seconds
2017-03-17T11:45:52.331+0500: 1159.788: Total time for which application threads were stopped: 0.0002196 seconds, Stopping threads took: 0.0000505 seconds
2017-03-17T11:46:06.334+0500: 1173.792: Total time for which application threads were stopped: 0.0002799 seconds, Stopping threads took: 0.0001074 seconds
2017-03-17T11:47:36.355+0500: 1263.812: Total time for which application threads were stopped: 0.0002375 seconds, Stopping threads took: 0.0000503 seconds
2017-03-17T11:47:37.355+0500: 1264.812: Total time for which application threads were stopped: 0.0001411 seconds, Stopping threads took: 0.0000350 seconds
2017-03-17T11:47:43.357+0500: 1270.814: Total time for which application threads were stopped: 0.0001939 seconds, Stopping threads took: 0.0000497 seconds
2017-03-17T11:47:49.358+0500: 1276.815: Total time for which application threads were stopped: 0.0003052 seconds, Stopping threads took: 0.0001089 seconds
2017-03-17T11:47:51.359+0500: 1278.816: Total time for which application threads were stopped: 0.0002188 seconds, Stopping threads took: 0.0000498 seconds
2017-03-17T11:48:19.364+0500: 1306.821: Total time for which application threads were stopped: 0.0001735 seconds, Stopping threads took: 0.0000385 seconds
2017-03-17T11:48:29.366+0500: 1316.823: Total time for which application threads were stopped: 0.0001974 seconds, Stopping threads took: 0.0000464 seconds
2017-03-17T12:00:04.512+0500: 2011.969: Total time for which application threads were stopped: 0.0002179 seconds, Stopping threads took: 0.0000349 seconds
2017-03-17T12:00:41.519+0500: 2048.977: Total time for which application threads were stopped: 0.0002566 seconds, Stopping threads took: 0.0000508 seconds
2017-03-17T12:02:09.536+0500: 2136.993: Total time for which application threads were stopped: 0.0002622 seconds, Stopping threads took: 0.0000507 seconds
2017-03-17T12:02:19.538+0500: 2146.995: Total time for which application threads were stopped: 0.0002543 seconds, Stopping threads took: 0.0000510 seconds
2017-03-17T12:06:34.578+0500: 2402.035: Total time for which application threads were stopped: 0.0002878 seconds, Stopping threads took: 0.0000514 seconds
2017-03-17T12:07:17.587+0500: 2445.044: Total time for which application threads were stopped: 0.0002882 seconds, Stopping threads took: 0.0000501 seconds
2017-03-17T12:09:16.611+0500: 2564.068: Total time for which application threads were stopped: 0.0002899 seconds, Stopping threads took: 0.0000495 seconds
2017-03-17T12:09:26.613+0500: 2574.070: Total time for which application threads were stopped: 0.0002919 seconds, Stopping threads took: 0.0000520 seconds
2017-03-17T12:09:46.617+0500: 2594.074: Total time for which application threads were stopped: 0.0002524 seconds, Stopping threads took: 0.0000481 seconds
2017-03-17T12:10:33.626+0500: 2641.083: Total time for which application threads were stopped: 0.0002582 seconds, Stopping threads took: 0.0000515 seconds
{Heap before GC invocations=19 (full 1):
 par new generation   total 109248K, used 102063K [0x00000000e0000000, 0x00000000e8000000, 0x00000000e8000000)
  eden space 87424K, 100% used [0x00000000e0000000, 0x00000000e5560000, 0x00000000e5560000)
  from space 21824K,  67% used [0x00000000e6ab0000, 0x00000000e78fbcc0, 0x00000000e8000000)
  to   space 21824K,   0% used [0x00000000e5560000, 0x00000000e5560000, 0x00000000e6ab0000)
 concurrent mark-sweep generation total 393216K, used 14921K [0x00000000e8000000, 0x0000000100000000, 0x0000000100000000)
 Metaspace       used 40253K, capacity 41146K, committed 41308K, reserved 1085440K
  class space    used 4684K, capacity 4928K, committed 4984K, reserved 1048576K
2017-03-17T12:10:53.492+0500: 2660.949: [GC (Allocation Failure) 2017-03-17T12:10:53.492+0500: 2660.949: [ParNew
Desired survivor size 20112992 bytes, new threshold 8 (max 8)
- age   1:    3805608 bytes,    3805608 total
- age   2:     101424 bytes,    3907032 total
- age   3:     196328 bytes,    4103360 total
- age   4:    2305744 bytes,    6409104 total
- age   5:    2231960 bytes,    8641064 total
- age   6:       5960 bytes,    8647024 total
- age   7:    2564208 bytes,   11211232 total
- age   8:      94432 bytes,   11305664 total
: 102063K->13605K(109248K), 0.0375121 secs] 116985K->28571K(502464K), 0.0378855 secs] [Times: user=0.07 sys=0.00, real=0.03 secs] 
Heap after GC invocations=20 (full 1):
 par new generation   total 109248K, used 13605K [0x00000000e0000000, 0x00000000e8000000, 0x00000000e8000000)
  eden space 87424K,   0% used [0x00000000e0000000, 0x00000000e0000000, 0x00000000e5560000)
  from space 21824K,  62% used [0x00000000e5560000, 0x00000000e62a96f0, 0x00000000e6ab0000)
  to   space 21824K,   0% used [0x00000000e6ab0000, 0x00000000e6ab0000, 0x00000000e8000000)
 concurrent mark-sweep generation total 393216K, used 14965K [0x00000000e8000000, 0x0000000100000000, 0x0000000100000000)
 Metaspace       used 40253K, capacity 41146K, committed 41308K, reserved 1085440K
  class space    used 4684K, capacity 4928K, committed 4984K, reserved 1048576K
}
2017-03-17T12:10:53.530+0500: 2660.987: Total time for which application threads were stopped: 0.0399962 seconds, Stopping threads took: 0.0000988 seconds
2017-03-17T12:10:54.531+0500: 2661.988: Total time for which application threads were stopped: 0.0002811 seconds, Stopping threads took: 0.0000452 seconds
2017-03-17T12:16:54.596+0500: 3022.053: Total time for which application threads were stopped: 0.0002201 seconds, Stopping threads took: 0.0000395 seconds
2017-03-17T12:17:26.605+0500: 3054.062: Total time for which application threads were stopped: 0.0002698 seconds, Stopping threads took: 0.0000482 seconds
2017-03-17T12:18:04.612+0500: 3092.069: Total time for which application threads were stopped: 0.0002340 seconds, Stopping threads took: 0.0000406 seconds
2017-03-17T12:19:05.640+0500: 3153.097: Total time for which application threads were stopped: 0.0002805 seconds, Stopping threads took: 0.0000497 seconds
2017-03-17T12:24:51.710+0500: 3499.167: Total time for which application threads were stopped: 0.0002927 seconds, Stopping threads took: 0.0000453 seconds
2017-03-17T12:26:38.727+0500: 3606.185: Total time for which application threads were stopped: 0.0002640 seconds, Stopping threads took: 0.0000493 seconds
2017-03-17T12:36:34.859+0500: 4202.316: Total time for which application threads were stopped: 0.0003592 seconds, Stopping threads took: 0.0000917 seconds
2017-03-17T12:48:09.999+0500: 4897.456: Total time for which application threads were stopped: 0.0003531 seconds, Stopping threads took: 0.0000506 seconds
2017-03-17T12:48:56.007+0500: 4943.465: Total time for which application threads were stopped: 0.0002476 seconds, Stopping threads took: 0.0001143 seconds
2017-03-17T12:51:51.047+0500: 5118.504: Total time for which application threads were stopped: 0.0002562 seconds, Stopping threads took: 0.0000438 seconds
2017-03-17T13:01:16.159+0500: 5683.616: Total time for which application threads were stopped: 0.0003127 seconds, Stopping threads took: 0.0000491 seconds
2017-03-17T13:01:18.160+0500: 5685.617: Total time for which application threads were stopped: 0.0001862 seconds, Stopping threads took: 0.0000389 seconds
2017-03-17T13:01:19.753+0500: 5687.210: Total time for which application threads were stopped: 0.0026991 seconds, Stopping threads took: 0.0024503 seconds
2017-03-17T13:01:19.753+0500: 5687.210: Total time for which application threads were stopped: 0.0002661 seconds, Stopping threads took: 0.0000520 seconds
2017-03-17T13:01:19.754+0500: 5687.211: Total time for which application threads were stopped: 0.0002502 seconds, Stopping threads took: 0.0000398 seconds
2017-03-17T13:01:19.757+0500: 5687.214: Total time for which application threads were stopped: 0.0003030 seconds, Stopping threads took: 0.0000730 seconds
2017-03-17T13:01:19.757+0500: 5687.214: Total time for which application threads were stopped: 0.0002287 seconds, Stopping threads took: 0.0000335 seconds
2017-03-17T13:01:19.758+0500: 5687.215: Total time for which application threads were stopped: 0.0002695 seconds, Stopping threads took: 0.0000487 seconds
2017-03-17T13:01:19.758+0500: 5687.215: Total time for which application threads were stopped: 0.0006717 seconds, Stopping threads took: 0.0000308 seconds
2017-03-17T13:01:19.769+0500: 5687.226: Total time for which application threads were stopped: 0.0002618 seconds, Stopping threads took: 0.0000448 seconds
2017-03-17T13:01:19.770+0500: 5687.227: Total time for which application threads were stopped: 0.0005341 seconds, Stopping threads took: 0.0000369 seconds
2017-03-17T13:01:19.771+0500: 5687.228: Total time for which application threads were stopped: 0.0003108 seconds, Stopping threads took: 0.0000376 seconds
2017-03-17T13:01:19.772+0500: 5687.229: Total time for which application threads were stopped: 0.0002845 seconds, Stopping threads took: 0.0000526 seconds
2017-03-17T13:01:19.779+0500: 5687.236: Total time for which application threads were stopped: 0.0005282 seconds, Stopping threads took: 0.0000544 seconds
2017-03-17T13:01:19.781+0500: 5687.239: Total time for which application threads were stopped: 0.0004598 seconds, Stopping threads took: 0.0000561 seconds
2017-03-17T13:01:19.782+0500: 5687.239: Total time for which application threads were stopped: 0.0003760 seconds, Stopping threads took: 0.0000221 seconds
2017-03-17T13:01:20.782+0500: 5688.239: Total time for which application threads were stopped: 0.0002838 seconds, Stopping threads took: 0.0000734 seconds
2017-03-17T13:01:59.040+0500: 5726.497: Total time for which application threads were stopped: 0.0002858 seconds, Stopping threads took: 0.0000600 seconds
2017-03-17T13:01:59.044+0500: 5726.501: Total time for which application threads were stopped: 0.0002535 seconds, Stopping threads took: 0.0000530 seconds
2017-03-17T13:01:59.044+0500: 5726.501: Total time for which application threads were stopped: 0.0002067 seconds, Stopping threads took: 0.0000334 seconds
2017-03-17T13:01:59.045+0500: 5726.502: Total time for which application threads were stopped: 0.0001921 seconds, Stopping threads took: 0.0000335 seconds
2017-03-17T13:01:59.045+0500: 5726.502: Total time for which application threads were stopped: 0.0001908 seconds, Stopping threads took: 0.0000340 seconds
2017-03-17T13:01:59.045+0500: 5726.502: Total time for which application threads were stopped: 0.0001849 seconds, Stopping threads took: 0.0000315 seconds
2017-03-17T13:01:59.049+0500: 5726.506: Total time for which application threads were stopped: 0.0002481 seconds, Stopping threads took: 0.0000608 seconds
2017-03-17T13:01:59.049+0500: 5726.506: Total time for which application threads were stopped: 0.0001947 seconds, Stopping threads took: 0.0000330 seconds
2017-03-17T13:01:59.050+0500: 5726.507: Total time for which application threads were stopped: 0.0001969 seconds, Stopping threads took: 0.0000345 seconds
2017-03-17T13:01:59.051+0500: 5726.508: Total time for which application threads were stopped: 0.0002521 seconds, Stopping threads took: 0.0000541 seconds
2017-03-17T13:01:59.051+0500: 5726.509: Total time for which application threads were stopped: 0.0002111 seconds, Stopping threads took: 0.0000339 seconds
2017-03-17T13:01:59.063+0500: 5726.521: Total time for which application threads were stopped: 0.0007397 seconds, Stopping threads took: 0.0005279 seconds
2017-03-17T13:01:59.069+0500: 5726.526: Total time for which application threads were stopped: 0.0013548 seconds, Stopping threads took: 0.0010516 seconds
2017-03-17T13:01:59.069+0500: 5726.526: Total time for which application threads were stopped: 0.0002184 seconds, Stopping threads took: 0.0000309 seconds
2017-03-17T13:01:59.069+0500: 5726.526: Total time for which application threads were stopped: 0.0001573 seconds, Stopping threads took: 0.0000170 seconds
2017-03-17T13:02:01.121+0500: 5728.578: Total time for which application threads were stopped: 0.0003471 seconds, Stopping threads took: 0.0001224 seconds
2017-03-17T13:02:01.122+0500: 5728.579: Total time for which application threads were stopped: 0.0002040 seconds, Stopping threads took: 0.0000197 seconds
2017-03-17T13:02:01.131+0500: 5728.588: Total time for which application threads were stopped: 0.0002823 seconds, Stopping threads took: 0.0000646 seconds
2017-03-17T13:02:01.131+0500: 5728.588: Total time for which application threads were stopped: 0.0001836 seconds, Stopping threads took: 0.0000222 seconds
2017-03-17T13:02:02.131+0500: 5729.588: Total time for which application threads were stopped: 0.0002585 seconds, Stopping threads took: 0.0000415 seconds
2017-03-17T13:02:05.459+0500: 5732.916: Total time for which application threads were stopped: 0.0002394 seconds, Stopping threads took: 0.0000352 seconds
2017-03-17T13:02:05.471+0500: 5732.928: Total time for which application threads were stopped: 0.0006431 seconds, Stopping threads took: 0.0004224 seconds
2017-03-17T13:02:05.471+0500: 5732.928: Total time for which application threads were stopped: 0.0003050 seconds, Stopping threads took: 0.0001016 seconds
2017-03-17T13:02:05.477+0500: 5732.935: Total time for which application threads were stopped: 0.0003088 seconds, Stopping threads took: 0.0000994 seconds
2017-03-17T13:02:05.478+0500: 5732.935: Total time for which application threads were stopped: 0.0003270 seconds, Stopping threads took: 0.0001462 seconds
2017-03-17T13:02:05.481+0500: 5732.938: Total time for which application threads were stopped: 0.0003177 seconds, Stopping threads took: 0.0000647 seconds
2017-03-17T13:02:06.481+0500: 5733.938: Total time for which application threads were stopped: 0.0002341 seconds, Stopping threads took: 0.0000434 seconds
2017-03-17T13:02:10.482+0500: 5737.939: Total time for which application threads were stopped: 0.0003204 seconds, Stopping threads took: 0.0001027 seconds
2017-03-17T13:02:50.404+0500: 5777.861: Total time for which application threads were stopped: 0.0002793 seconds, Stopping threads took: 0.0000701 seconds
2017-03-17T13:02:51.404+0500: 5778.861: Total time for which application threads were stopped: 0.0002599 seconds, Stopping threads took: 0.0000462 seconds
2017-03-17T13:12:24.553+0500: 6352.010: Total time for which application threads were stopped: 0.0002714 seconds, Stopping threads took: 0.0000445 seconds
2017-03-17T13:20:34.644+0500: 6842.101: Total time for which application threads were stopped: 0.0003002 seconds, Stopping threads took: 0.0000506 seconds
{Heap before GC invocations=20 (full 1):
 par new generation   total 109248K, used 101029K [0x00000000e0000000, 0x00000000e8000000, 0x00000000e8000000)
  eden space 87424K, 100% used [0x00000000e0000000, 0x00000000e5560000, 0x00000000e5560000)
  from space 21824K,  62% used [0x00000000e5560000, 0x00000000e62a96f0, 0x00000000e6ab0000)
  to   space 21824K,   0% used [0x00000000e6ab0000, 0x00000000e6ab0000, 0x00000000e8000000)
 concurrent mark-sweep generation total 393216K, used 14965K [0x00000000e8000000, 0x0000000100000000, 0x0000000100000000)
 Metaspace       used 40365K, capacity 41274K, committed 41564K, reserved 1085440K
  class space    used 4686K, capacity 4928K, committed 4984K, reserved 1048576K
2017-03-17T14:18:10.817+0500: 10298.274: [GC (Allocation Failure) 2017-03-17T14:18:10.818+0500: 10298.275: [ParNew
Desired survivor size 20112992 bytes, new threshold 8 (max 8)
- age   1:    1057848 bytes,    1057848 total
- age   2:    2417648 bytes,    3475496 total
- age   3:     101424 bytes,    3576920 total
- age   4:     194456 bytes,    3771376 total
- age   5:    2303000 bytes,    6074376 total
- age   6:    2228344 bytes,    8302720 total
- age   7:       5736 bytes,    8308456 total
- age   8:    2559680 bytes,   10868136 total
: 101029K->12867K(109248K), 0.0518189 secs] 115995K->27925K(502464K), 0.0524788 secs] [Times: user=0.09 sys=0.00, real=0.05 secs] 
Heap after GC invocations=21 (full 1):
 par new generation   total 109248K, used 12867K [0x00000000e0000000, 0x00000000e8000000, 0x00000000e8000000)
  eden space 87424K,   0% used [0x00000000e0000000, 0x00000000e0000000, 0x00000000e5560000)
  from space 21824K,  58% used [0x00000000e6ab0000, 0x00000000e7740f40, 0x00000000e8000000)
  to   space 21824K,   0% used [0x00000000e5560000, 0x00000000e5560000, 0x00000000e6ab0000)
 concurrent mark-sweep generation total 393216K, used 15058K [0x00000000e8000000, 0x0000000100000000, 0x0000000100000000)
 Metaspace       used 40365K, capacity 41274K, committed 41564K, reserved 1085440K
  class space    used 4686K, capacity 4928K, committed 4984K, reserved 1048576K
}
2017-03-17T14:18:10.870+0500: 10298.327: Total time for which application threads were stopped: 0.0553882 seconds, Stopping threads took: 0.0000995 seconds
2017-03-17T14:18:11.870+0500: 10299.328: Total time for which application threads were stopped: 0.0003965 seconds, Stopping threads took: 0.0000490 seconds
2017-03-17T14:26:39.969+0500: 10807.426: Total time for which application threads were stopped: 0.0005450 seconds, Stopping threads took: 0.0000626 seconds
2017-03-17T14:43:36.165+0500: 11823.623: Total time for which application threads were stopped: 0.0005079 seconds, Stopping threads took: 0.0000503 seconds
2017-03-17T14:46:44.203+0500: 12011.660: Total time for which application threads were stopped: 0.0004103 seconds, Stopping threads took: 0.0000450 seconds
2017-03-17T15:41:26.832+0500: 15294.289: Total time for which application threads were stopped: 0.0007701 seconds, Stopping threads took: 0.0000454 seconds
2017-03-17T16:16:02.801+0500: 17370.258: Total time for which application threads were stopped: 0.0008896 seconds, Stopping threads took: 0.0000657 seconds
2017-03-17T16:16:04.493+0500: 17371.950: Total time for which application threads were stopped: 0.0007040 seconds, Stopping threads took: 0.0001432 seconds
2017-03-17T16:16:04.494+0500: 17371.951: Total time for which application threads were stopped: 0.0005675 seconds, Stopping threads took: 0.0000336 seconds
2017-03-17T16:16:54.505+0500: 17421.962: Total time for which application threads were stopped: 0.0006484 seconds, Stopping threads took: 0.0000683 seconds
{Heap before GC invocations=21 (full 1):
 par new generation   total 109248K, used 100291K [0x00000000e0000000, 0x00000000e8000000, 0x00000000e8000000)
  eden space 87424K, 100% used [0x00000000e0000000, 0x00000000e5560000, 0x00000000e5560000)
  from space 21824K,  58% used [0x00000000e6ab0000, 0x00000000e7740f40, 0x00000000e8000000)
  to   space 21824K,   0% used [0x00000000e5560000, 0x00000000e5560000, 0x00000000e6ab0000)
 concurrent mark-sweep generation total 393216K, used 15058K [0x00000000e8000000, 0x0000000100000000, 0x0000000100000000)
 Metaspace       used 40406K, capacity 41370K, committed 41564K, reserved 1085440K
  class space    used 4691K, capacity 4960K, committed 4984K, reserved 1048576K
2017-03-17T16:31:44.980+0500: 18312.437: [GC (Allocation Failure) 2017-03-17T16:31:44.982+0500: 18312.439: [ParNew
Desired survivor size 20112992 bytes, new threshold 8 (max 8)
- age   1:    1003152 bytes,    1003152 total
- age   2:     716072 bytes,    1719224 total
- age   3:    2416760 bytes,    4135984 total
- age   4:     101424 bytes,    4237408 total
- age   5:     194456 bytes,    4431864 total
- age   6:    2303000 bytes,    6734864 total
- age   7:    2228344 bytes,    8963208 total
- age   8:       5736 bytes,    8968944 total
: 100291K->13271K(109248K), 0.0647896 secs] 115349K->31184K(502464K), 0.0668968 secs] [Times: user=0.11 sys=0.01, real=0.07 secs] 
Heap after GC invocations=22 (full 1):
 par new generation   total 109248K, used 13271K [0x00000000e0000000, 0x00000000e8000000, 0x00000000e8000000)
  eden space 87424K,   0% used [0x00000000e0000000, 0x00000000e0000000, 0x00000000e5560000)
  from space 21824K,  60% used [0x00000000e5560000, 0x00000000e6255f90, 0x00000000e6ab0000)
  to   space 21824K,   0% used [0x00000000e6ab0000, 0x00000000e6ab0000, 0x00000000e8000000)
 concurrent mark-sweep generation total 393216K, used 17912K [0x00000000e8000000, 0x0000000100000000, 0x0000000100000000)
 Metaspace       used 40406K, capacity 41370K, committed 41564K, reserved 1085440K
  class space    used 4691K, capacity 4960K, committed 4984K, reserved 1048576K
}
2017-03-17T16:31:45.047+0500: 18312.504: Total time for which application threads were stopped: 0.0695125 seconds, Stopping threads took: 0.0001199 seconds
{Heap before GC invocations=22 (full 1):
 par new generation   total 109248K, used 100695K [0x00000000e0000000, 0x00000000e8000000, 0x00000000e8000000)
  eden space 87424K, 100% used [0x00000000e0000000, 0x00000000e5560000, 0x00000000e5560000)
  from space 21824K,  60% used [0x00000000e5560000, 0x00000000e6255f90, 0x00000000e6ab0000)
  to   space 21824K,   0% used [0x00000000e6ab0000, 0x00000000e6ab0000, 0x00000000e8000000)
 concurrent mark-sweep generation total 393216K, used 17912K [0x00000000e8000000, 0x0000000100000000, 0x0000000100000000)
 Metaspace       used 40408K, capacity 41370K, committed 41564K, reserved 1085440K
  class space    used 4691K, capacity 4960K, committed 4984K, reserved 1048576K
2017-03-17T18:47:49.489+0500: 26476.947: [GC (Allocation Failure) 2017-03-17T18:47:49.496+0500: 26476.953: [ParNew
Desired survivor size 20112992 bytes, new threshold 8 (max 8)
- age   1:    1042512 bytes,    1042512 total
- age   2:     665184 bytes,    1707696 total
- age   3:     716040 bytes,    2423736 total
- age   4:    2416760 bytes,    4840496 total
- age   5:     101424 bytes,    4941920 total
- age   6:     194456 bytes,    5136376 total
- age   7:    2303000 bytes,    7439376 total
- age   8:    2228344 bytes,    9667720 total
: 100695K->10913K(109248K), 0.0445237 secs] 118608K->28831K(502464K), 0.0515586 secs] [Times: user=0.08 sys=0.01, real=0.05 secs] 
